[25944:0x7fb000500000]       56 ms: Scavenge 4.9 (5.6) -> 4.4 (6.6) MB, pooled: 0 MB, 0.93 / 0.00 ms  (average mu = 1.000, current mu = 1.000) allocation failure; 
[25944:0x7fb000500000]       94 ms: Scavenge 5.7 (7.1) -> 5.5 (7.6) MB, pooled: 0 MB, 1.06 / 0.00 ms  (average mu = 1.000, current mu = 1.000) allocation failure; 
[25944:0x7fb000500000]      114 ms: Scavenge 6.7 (8.3) -> 6.3 (10.8) MB, pooled: 0 MB, 0.64 / 0.00 ms  (average mu = 1.000, current mu = 1.000) allocation failure; 
[25944:0x7fb000500000]      154 ms: Scavenge 8.2 (11.2) -> 7.9 (12.0) MB, pooled: 0 MB, 0.76 / 0.00 ms  (average mu = 1.000, current mu = 1.000) allocation failure; 
[25944:0x7fb000500000]      226 ms: Scavenge 14.5 (17.2) -> 13.8 (17.9) MB, pooled: 0 MB, 1.10 / 0.00 ms  (average mu = 1.000, current mu = 1.000) allocation failure; 
[25944:0x7fb000500000]      272 ms: Scavenge 15.8 (18.7) -> 14.8 (23.7) MB, pooled: 0 MB, 1.09 / 0.01 ms  (average mu = 1.000, current mu = 1.000) allocation failure; 
[25944:0x7fb000500000]      317 ms: Scavenge 18.4 (23.8) -> 16.2 (24.3) MB, pooled: 0 MB, 0.81 / 0.01 ms  (average mu = 1.000, current mu = 1.000) task; 
[25944:0x7fb000500000]      384 ms: Scavenge 20.1 (25.3) -> 17.8 (26.0) MB, pooled: 0 MB, 0.88 / 0.01 ms  (average mu = 1.000, current mu = 1.000) task; 
[25944:0x7fb000500000]      443 ms: Mark-Compact 21.2 (27.0) -> 19.0 (37.2) MB, pooled: 0 MB, 3.83 / 0.01 ms  (+ 2.8 ms in 0 steps since start of marking, biggest step 0.0 ms, walltime since start of marking 58 ms) (average mu = 0.986, current mu = 0.986) finalize incremental marking via stack guard; GC in old space requested
[25944:0x7fb000500000]      615 ms: Scavenge 29.2 (38.6) -> 23.5 (38.6) MB, pooled: 0 MB, 1.54 / 0.00 ms  (average mu = 0.986, current mu = 0.986) allocation failure; 
2025-06-13T04:33:42.025Z vite:config bundled config file loaded in 389.66ms
2025-06-13T04:33:42.067Z vite:config using resolved config: {
  build: {
    target: [ 'es2020', 'edge88', 'firefox78', 'chrome87', 'safari14' ],
    cssTarget: [ 'es2020', 'edge88', 'firefox78', 'chrome87', 'safari14' ],
    outDir: 'dist',
    assetsDir: 'assets',
    assetsInlineLimit: 4096,
    cssCodeSplit: false,
    sourcemap: false,
    rollupOptions: { external: [Array], output: [Object] },
    minify: 'terser',
    terserOptions: { compress: [Object] },
    write: true,
    emptyOutDir: true,
    copyPublicDir: true,
    manifest: false,
    lib: false,
    ssr: false,
    ssrManifest: false,
    ssrEmitAssets: false,
    reportCompressedSize: false,
    chunkSizeWarningLimit: 150000,
    watch: null,
    commonjsOptions: { include: [Array], extensions: [Array] },
    dynamicImportVarsOptions: { warnOnError: true, exclude: [Array] },
    modulePreload: { polyfill: true },
    cssMinify: true
  },
  optimizeDeps: {
    holdUntilCrawlEnd: true,
    exclude: [ 'vm-browserify' ],
    esbuildOptions: { preserveSymlinks: false }
  },
  plugins: [
    'vite:build-metadata',
    'vite:watch-package-data',
    'vite:pre-alias',
    'alias',
    'vite:modulepreload-polyfill',
    'vite:resolve',
    'vite:html-inline-proxy',
    'vite:css',
    'vite:esbuild',
    'vite:json',
    'vite:wasm-helper',
    'vite:worker',
    'vite:asset',
    'vite:vue',
    'visualizer',
    'vite:wasm-fallback',
    'vite:define',
    'vite:css-post',
    'vite:build-html',
    'vite:worker-import-meta-url',
    'vite:asset-import-meta-url',
    'vite:force-systemjs-wrap-complete',
    'commonjs',
    'vite:data-uri',
    'vite:dynamic-import-vars',
    'vite:import-glob',
    'vite:compression',
    'unplugin-auto-import',
    'unplugin-vue-components',
    'vite:build-import-analysis',
    'vite:esbuild-transpile',
    'vite:terser',
    'vite:reporter',
    'vite:load-fallback'
  ],
  resolve: {
    mainFields: [ 'browser', 'module', 'jsnext:main', 'jsnext' ],
    conditions: [],
    extensions: [
      '.mjs',  '.js',
      '.mts',  '.ts',
      '.jsx',  '.tsx',
      '.json'
    ],
    dedupe: [ 'vue' ],
    preserveSymlinks: false,
    alias: [ [Object], [Object], [Object] ]
  },
  server: {
    preTransformRequests: true,
    host: '0.0.0.0',
    port: 8991,
    proxy: { '/registry': [Object], '/whoami': [Object] },
    sourcemapIgnoreList: [Function: isInNodeModules$1],
    middlewareMode: false,
    fs: {
      strict: true,
      allow: [Array],
      deny: [Array],
      cachedChecks: undefined
    }
  },
  define: {
    __VUE_OPTIONS_API__: true,
    __VUE_PROD_DEVTOOLS__: false,
    __VUE_PROD_HYDRATION_MISMATCH_DETAILS__: false
  },
  ssr: {
    target: 'node',
    external: [],
    optimizeDeps: { noDiscovery: true, esbuildOptions: [Object] }
  },
  configFile: '/Users/wh/Desktop/ms/yeying-portal/vite.config.js',
  configFileDependencies: [ '/Users/wh/Desktop/ms/yeying-portal/vite.config.js' ],
  inlineConfig: {
    root: undefined,
    base: undefined,
    mode: undefined,
    configFile: undefined,
    logLevel: undefined,
    clearScreen: undefined,
    build: {}
  },
  root: '/Users/wh/Desktop/ms/yeying-portal',
  base: '/',
  decodedBase: '/',
  rawBase: '/',
  publicDir: '/Users/wh/Desktop/ms/yeying-portal/public',
  cacheDir: '/Users/wh/Desktop/ms/yeying-portal/node_modules/.vite',
  command: 'build',
  mode: 'production',
  isWorker: false,
  mainConfig: null,
  bundleChain: [],
  isProduction: true,
  css: { lightningcss: undefined },
  esbuild: { jsxDev: false },
  preview: {
    port: undefined,
    strictPort: undefined,
    host: '0.0.0.0',
    https: undefined,
    open: undefined,
    proxy: { '/registry': [Object], '/whoami': [Object] },
    cors: undefined,
    headers: undefined
  },
  envDir: '/Users/wh/Desktop/ms/yeying-portal',
  env: {
    VITE_PROFILE: '1',
    BASE_URL: '/',
    MODE: 'production',
    DEV: false,
    PROD: true
  },
  assetsInclude: [Function: assetsInclude],
  logger: {
    hasWarned: false,
    info: [Function: info],
    warn: [Function: warn],
    warnOnce: [Function: warnOnce],
    error: [Function: error],
    clearScreen: [Function: clearScreen],
    hasErrorLogged: [Function: hasErrorLogged]
  },
  packageCache: Map(1) {
    'fnpd_/Users/wh/Desktop/ms/yeying-portal' => {
      dir: '/Users/wh/Desktop/ms/yeying-portal',
      data: [Object],
      hasSideEffects: [Function: hasSideEffects],
      webResolvedImports: {},
      nodeResolvedImports: {},
      setResolvedCache: [Function: setResolvedCache],
      getResolvedCache: [Function: getResolvedCache]
    },
    set: [Function (anonymous)]
  },
  createResolver: [Function: createResolver],
  worker: { format: 'iife', plugins: '() => plugins', rollupOptions: {} },
  appType: 'spa',
  experimental: { importGlobRestoreExtension: false, hmrPartialAccept: false },
  getSortedPlugins: [Function: getSortedPlugins],
  getSortedPluginHooks: [Function: getSortedPluginHooks]
}
vite v5.4.11 building for production...
[25944:0x7fb000500000]      801 ms: Scavenge 30.8 (40.5) -> 26.6 (42.5) MB, pooled: 0 MB, 1.80 / 0.01 ms  (average mu = 0.986, current mu = 0.986) allocation failure; 
[25944:0x7fb000500000]      960 ms: Scavenge 34.0 (43.3) -> 29.9 (61.3) MB, pooled: 0 MB, 2.29 / 0.00 ms  (average mu = 0.986, current mu = 0.986) allocation failure; 
[25944:0x7fb000500000]     1039 ms: Scavenge 43.8 (61.3) -> 31.8 (63.3) MB, pooled: 0 MB, 2.08 / 0.00 ms  (average mu = 0.986, current mu = 0.986) allocation failure; 
transforming...
[25944:0x7fb000500000]     1273 ms: Scavenge 53.0 (71.2) -> 41.4 (73.0) MB, pooled: 0 MB, 2.23 / 0.01 ms  (average mu = 0.986, current mu = 0.986) task; 
[25944:0x7fb000500000]     1375 ms: Scavenge 57.5 (74.9) -> 48.8 (76.9) MB, pooled: 0 MB, 4.33 / 0.01 ms  (average mu = 0.986, current mu = 0.986) allocation failure; 
[25944:0x7fb000500000]     1458 ms: Scavenge 60.1 (77.6) -> 49.6 (82.1) MB, pooled: 0 MB, 3.35 / 0.01 ms  (average mu = 0.986, current mu = 0.986) allocation failure; 
[25944:0x7fb000500000]     1537 ms: Scavenge 64.2 (82.4) -> 55.1 (83.1) MB, pooled: 0 MB, 3.31 / 0.00 ms  (average mu = 0.986, current mu = 0.986) allocation failure; 
[25944:0x7fb000500000]     1581 ms: Scavenge 65.5 (83.1) -> 57.9 (89.1) MB, pooled: 0 MB, 4.03 / 0.00 ms  (average mu = 0.986, current mu = 0.986) allocation failure; 
[25944:0x7fb000500000]     1617 ms: Scavenge 71.4 (89.6) -> 61.2 (92.1) MB, pooled: 0 MB, 2.77 / 0.00 ms  (average mu = 0.986, current mu = 0.986) allocation failure; 
[25944:0x7fb000500000]     1674 ms: Scavenge 74.6 (92.1) -> 62.7 (95.6) MB, pooled: 0 MB, 3.06 / 0.01 ms  (average mu = 0.986, current mu = 0.986) allocation failure; 
[25944:0x7fb000500000]     1684 ms: Scavenge 77.6 (95.6) -> 62.9 (96.6) MB, pooled: 0 MB, 0.95 / 0.00 ms  (average mu = 0.986, current mu = 0.986) allocation failure; 
[25944:0x7fb000500000]     1696 ms: Scavenge 78.5 (96.6) -> 63.0 (96.6) MB, pooled: 0 MB, 0.62 / 0.00 ms  (average mu = 0.986, current mu = 0.986) allocation failure; 
2025-06-13T04:33:43.135Z vite:resolve 0.46ms ../../assets/img/user_bg.jpg -> /Users/wh/Desktop/ms/yeying-portal/src/assets/img/user_bg.jpg
[25944:0x7fb000500000]     1736 ms: Scavenge 78.1 (97.4) -> 64.4 (97.9) MB, pooled: 0 MB, 0.98 / 0.00 ms  (average mu = 0.986, current mu = 0.986) task; 
[25944:0x7fb000500000]     1787 ms: Mark-Compact 70.8 (97.9) -> 64.6 (100.9) MB, pooled: 0 MB, 6.91 / 0.02 ms  (+ 1.3 ms in 0 steps since start of marking, biggest step 0.0 ms, walltime since start of marking 51 ms) (average mu = 0.992, current mu = 0.994) finalize incremental marking via stack guard; GC in old space requested
[25944:0x7fb000500000]     1990 ms: Scavenge 83.0 (102.6) -> 70.6 (102.6) MB, pooled: 0 MB, 1.94 / 0.00 ms  (average mu = 0.992, current mu = 0.994) task; 
[25944:0x7fb000500000]     2040 ms: Scavenge 81.1 (103.3) -> 73.5 (105.6) MB, pooled: 0 MB, 4.50 / 0.00 ms  (average mu = 0.992, current mu = 0.994) task; 
[25944:0x7fb000500000]     2093 ms: Scavenge 87.0 (105.8) -> 78.9 (109.1) MB, pooled: 0 MB, 4.26 / 0.00 ms  (average mu = 0.992, current mu = 0.994) allocation failure; 
[25944:0x7fb000500000]     2161 ms: Scavenge 90.7 (109.6) -> 80.5 (114.9) MB, pooled: 0 MB, 3.90 / 0.00 ms  (average mu = 0.992, current mu = 0.994) allocation failure; 
[25944:0x7fb000500000]     2243 ms: Scavenge 97.2 (116.1) -> 83.3 (117.1) MB, pooled: 0 MB, 1.77 / 0.00 ms  (average mu = 0.992, current mu = 0.994) allocation failure; 
2025-06-13T04:33:43.682Z vite:resolve 1.07ms @/assets/fonts/puhui/AlibabaPuHuiTi-3-85-Bold.woff2 -> /Users/wh/Desktop/ms/yeying-portal/src/assets/fonts/puhui/AlibabaPuHuiTi-3-85-Bold.woff2
2025-06-13T04:33:43.682Z vite:resolve 0.81ms @/assets/fonts/puhui/AlibabaPuHuiTi-2-55-Regular.woff2 -> /Users/wh/Desktop/ms/yeying-portal/src/assets/fonts/puhui/AlibabaPuHuiTi-2-55-Regular.woff2
2025-06-13T04:33:43.682Z vite:resolve 0.79ms @/assets/fonts/puhui/AlibabaPuHuiTi-3-65-Medium.woff2 -> /Users/wh/Desktop/ms/yeying-portal/src/assets/fonts/puhui/AlibabaPuHuiTi-3-65-Medium.woff2
2025-06-13T04:33:43.728Z vite:resolve 0.31ms ../../assets/img/bg.jpg -> /Users/wh/Desktop/ms/yeying-portal/src/assets/img/bg.jpg
[25944:0x7fb000500000]     2345 ms: Scavenge 99.5 (118.5) -> 86.7 (120.0) MB, pooled: 0 MB, 2.32 / 0.00 ms  (average mu = 0.992, current mu = 0.994) allocation failure; 
[25944:0x7fb000500000]     2402 ms: Scavenge 100.9 (120.0) -> 92.4 (121.8) MB, pooled: 0 MB, 6.05 / 0.00 ms  (average mu = 0.992, current mu = 0.994) allocation failure; 
[25944:0x7fb000500000]     2453 ms: Scavenge 102.7 (122.0) -> 96.5 (127.5) MB, pooled: 0 MB, 11.96 / 0.00 ms  (average mu = 0.992, current mu = 0.994) allocation failure; 
[25944:0x7fb000500000]     2497 ms: Scavenge 109.2 (128.3) -> 102.8 (133.0) MB, pooled: 0 MB, 6.47 / 0.00 ms  (average mu = 0.992, current mu = 0.994) allocation failure; 
[25944:0x7fb000500000]     2563 ms: Scavenge 113.9 (133.0) -> 108.6 (138.8) MB, pooled: 0 MB, 5.14 / 0.00 ms  (average mu = 0.992, current mu = 0.994) allocation failure; 
[25944:0x7fb000500000]     2608 ms: Scavenge 120.3 (139.3) -> 112.1 (144.5) MB, pooled: 0 MB, 3.92 / 0.00 ms  (average mu = 0.992, current mu = 0.994) allocation failure; 
[25944:0x7fb000500000]     2661 ms: Scavenge 125.6 (145.0) -> 112.9 (147.8) MB, pooled: 0 MB, 2.32 / 0.00 ms  (average mu = 0.992, current mu = 0.994) allocation failure; 
[25944:0x7fb000500000]     2716 ms: Scavenge 125.5 (147.8) -> 117.7 (148.8) MB, pooled: 0 MB, 3.95 / 0.01 ms  (average mu = 0.992, current mu = 0.994) task; 
[25944:0x7fb000500000]     2749 ms: Scavenge 126.5 (148.8) -> 120.6 (153.5) MB, pooled: 0 MB, 4.95 / 0.02 ms  (average mu = 0.992, current mu = 0.994) task; 
[25944:0x7fb000500000]     2789 ms: Scavenge 132.2 (153.8) -> 124.8 (156.8) MB, pooled: 0 MB, 3.38 / 0.02 ms  (average mu = 0.992, current mu = 0.994) task; 
[25944:0x7fb000500000]     2832 ms: Scavenge 137.7 (157.5) -> 129.8 (161.3) MB, pooled: 0 MB, 4.13 / 0.02 ms  (average mu = 0.992, current mu = 0.994) task; 
[25944:0x7fb000500000]     2873 ms: Scavenge 141.7 (162.0) -> 134.3 (166.7) MB, pooled: 0 MB, 4.86 / 0.01 ms  (average mu = 0.992, current mu = 0.994) task; 
[25944:0x7fb000500000]     2914 ms: Scavenge 146.1 (166.7) -> 140.3 (171.2) MB, pooled: 0 MB, 4.90 / 0.01 ms  (average mu = 0.992, current mu = 0.994) task; 
[25944:0x7fb000500000]     2942 ms: Scavenge 148.6 (171.2) -> 143.4 (176.7) MB, pooled: 0 MB, 4.74 / 0.01 ms  (average mu = 0.992, current mu = 0.994) task; 
[25944:0x7fb000500000]     2981 ms: Scavenge 156.2 (177.2) -> 148.7 (180.5) MB, pooled: 0 MB, 4.12 / 0.01 ms  (average mu = 0.992, current mu = 0.994) task; 
[25944:0x7fb000500000]     3014 ms: Scavenge 158.2 (180.5) -> 151.9 (185.5) MB, pooled: 0 MB, 4.75 / 0.02 ms  (average mu = 0.992, current mu = 0.994) task; 
[25944:0x7fb000500000]     3053 ms: Scavenge 163.6 (185.7) -> 156.1 (189.0) MB, pooled: 0 MB, 3.75 / 0.02 ms  (average mu = 0.992, current mu = 0.994) task; 
[25944:0x7fb000500000]     3106 ms: Scavenge 168.6 (189.0) -> 159.7 (192.5) MB, pooled: 0 MB, 7.44 / 0.01 ms  (average mu = 0.992, current mu = 0.994) allocation failure; 
[25944:0x7fb000500000]     3150 ms: Scavenge 169.4 (192.5) -> 160.5 (195.5) MB, pooled: 0 MB, 8.10 / 0.00 ms  (average mu = 0.992, current mu = 0.994) task; 
[25944:0x7fb000500000]     3231 ms: Scavenge 175.3 (196.4) -> 163.4 (197.4) MB, pooled: 0 MB, 3.69 / 0.01 ms  (average mu = 0.992, current mu = 0.994) task; 
[25944:0x7fb000500000]     3280 ms: Scavenge 178.2 (198.4) -> 170.5 (200.9) MB, pooled: 0 MB, 4.69 / 0.01 ms  (average mu = 0.992, current mu = 0.994) allocation failure; 
[25944:0x7fb000500000]     3313 ms: Scavenge 179.8 (200.9) -> 176.7 (207.6) MB, pooled: 0 MB, 7.09 / 0.00 ms  (average mu = 0.992, current mu = 0.994) task; 
[25944:0x7fb000500000]     3352 ms: Scavenge 187.6 (208.1) -> 181.7 (214.1) MB, pooled: 0 MB, 5.87 / 0.01 ms  (average mu = 0.992, current mu = 0.994) allocation failure; 
[25944:0x7fb000500000]     3385 ms: Scavenge 191.3 (214.6) -> 186.6 (219.4) MB, pooled: 0 MB, 5.06 / 0.02 ms  (average mu = 0.992, current mu = 0.994) task; 
[25944:0x7fb000500000]     3428 ms: Scavenge 198.9 (219.6) -> 192.0 (224.3) MB, pooled: 0 MB, 5.12 / 0.01 ms  (average mu = 0.992, current mu = 0.994) allocation failure; 
[25944:0x7fb000500000]     3469 ms: Scavenge 203.6 (225.3) -> 201.1 (230.3) MB, pooled: 0 MB, 7.64 / 0.00 ms  (average mu = 0.992, current mu = 0.994) task; 
[25944:0x7fb000500000]     3494 ms: Scavenge 206.7 (230.3) -> 203.3 (239.1) MB, pooled: 0 MB, 7.57 / 0.00 ms  (average mu = 0.992, current mu = 0.994) task; 
[25944:0x7fb000500000]     3531 ms: Scavenge 215.7 (239.3) -> 209.3 (241.6) MB, pooled: 0 MB, 4.15 / 0.00 ms  (average mu = 0.992, current mu = 0.994) task; 
[25944:0x7fb000500000]     3566 ms: Scavenge 218.8 (241.8) -> 213.3 (247.3) MB, pooled: 0 MB, 5.86 / 0.01 ms  (average mu = 0.992, current mu = 0.994) task; 
[25944:0x7fb000500000]     3602 ms: Scavenge 224.4 (247.8) -> 218.0 (251.6) MB, pooled: 0 MB, 5.63 / 0.01 ms  (average mu = 0.992, current mu = 0.994) task; 
[25944:0x7fb000500000]     3638 ms: Scavenge 228.0 (251.8) -> 222.5 (256.3) MB, pooled: 0 MB, 8.07 / 0.01 ms  (average mu = 0.992, current mu = 0.994) task; 
[25944:0x7fb000500000]     3677 ms: Scavenge 233.4 (256.6) -> 226.7 (261.1) MB, pooled: 0 MB, 6.31 / 0.01 ms  (average mu = 0.992, current mu = 0.994) task; 
[25944:0x7fb000500000]     3713 ms: Scavenge 237.3 (261.3) -> 231.7 (265.3) MB, pooled: 0 MB, 7.60 / 0.00 ms  (average mu = 0.992, current mu = 0.994) task; 
[25944:0x7fb000500000]     3759 ms: Scavenge 244.1 (265.8) -> 237.3 (270.3) MB, pooled: 0 MB, 8.40 / 0.01 ms  (average mu = 0.992, current mu = 0.994) allocation failure; 
[25944:0x7fb000500000]     3815 ms: Scavenge 248.6 (270.3) -> 240.9 (275.3) MB, pooled: 0 MB, 6.99 / 0.01 ms  (average mu = 0.992, current mu = 0.994) allocation failure; 
[25944:0x7fb000500000]     3882 ms: Scavenge 253.9 (275.6) -> 247.5 (279.1) MB, pooled: 0 MB, 19.42 / 0.01 ms  (average mu = 0.992, current mu = 0.994) allocation failure; 
[25944:0x7fb000500000]     3947 ms: Scavenge 257.8 (279.6) -> 253.1 (285.3) MB, pooled: 0 MB, 7.57 / 0.01 ms  (average mu = 0.992, current mu = 0.994) allocation failure; 
[25944:0x7fb000500000]     4007 ms: Scavenge 263.4 (285.3) -> 256.8 (291.1) MB, pooled: 0 MB, 17.52 / 0.01 ms  (average mu = 0.992, current mu = 0.994) allocation failure; 
[25944:0x7fb000500000]     4065 ms: Scavenge (interleaved) 267.6 (292.1) -> 263.0 (295.8) MB, pooled: 0 MB, 7.18 / 0.01 ms  (average mu = 0.992, current mu = 0.994) task; 
[25944:0x7fb000500000]     4118 ms: Scavenge (interleaved) 273.1 (296.1) -> 268.3 (302.1) MB, pooled: 0 MB, 7.94 / 0.01 ms  (average mu = 0.992, current mu = 0.994) task; 
[25944:0x7fb000500000]     4189 ms: Mark-Compact 277.5 (302.1) -> 188.6 (304.5) MB, pooled: 0 MB, 9.61 / 0.13 ms  (+ 5.8 ms in 0 steps since start of marking, biggest step 0.0 ms, walltime since start of marking 162 ms) (average mu = 0.993, current mu = 0.994) finalize incremental marking via task; GC in old space requested
[25944:0x7fb000500000]     4239 ms: Scavenge 203.3 (304.5) -> 196.2 (304.5) MB, pooled: 0 MB, 3.43 / 0.00 ms  (average mu = 0.993, current mu = 0.994) task; 
[25944:0x7fb000500000]     4273 ms: Scavenge 205.0 (304.5) -> 200.2 (304.5) MB, pooled: 0 MB, 5.89 / 0.03 ms  (average mu = 0.993, current mu = 0.994) task; 
[25944:0x7fb000500000]     4316 ms: Scavenge 213.3 (304.5) -> 206.5 (304.5) MB, pooled: 0 MB, 4.27 / 0.01 ms  (average mu = 0.993, current mu = 0.994) allocation failure; 
[25944:0x7fb000500000]     4353 ms: Scavenge 217.3 (304.5) -> 211.4 (304.5) MB, pooled: 0 MB, 4.92 / 0.02 ms  (average mu = 0.993, current mu = 0.994) task; 
[25944:0x7fb000500000]     4404 ms: Scavenge 223.3 (304.5) -> 216.2 (304.5) MB, pooled: 0 MB, 3.95 / 0.02 ms  (average mu = 0.993, current mu = 0.994) task; 
[25944:0x7fb000500000]     4441 ms: Scavenge 225.1 (304.5) -> 218.2 (304.5) MB, pooled: 0 MB, 3.16 / 0.04 ms  (average mu = 0.993, current mu = 0.994) task; 
[25944:0x7fb000500000]     4485 ms: Scavenge 229.2 (304.5) -> 220.5 (304.5) MB, pooled: 0 MB, 1.92 / 0.04 ms  (average mu = 0.993, current mu = 0.994) task; 
[25944:0x7fb000500000]     4556 ms: Scavenge 236.1 (306.4) -> 227.8 (306.4) MB, pooled: 0 MB, 3.99 / 0.03 ms  (average mu = 0.993, current mu = 0.994) task; 
[25944:0x7fb000500000]     4591 ms: Scavenge 239.7 (306.4) -> 237.7 (306.4) MB, pooled: 0 MB, 5.72 / 0.00 ms  (average mu = 0.993, current mu = 0.994) allocation failure; 
[25944:0x7fb000500000]     4617 ms: Scavenge 245.3 (306.4) -> 244.4 (306.4) MB, pooled: 0 MB, 5.94 / 0.00 ms  (average mu = 0.993, current mu = 0.994) allocation failure; 
[25944:0x7fb000500000]     4654 ms: Scavenge 254.4 (308.7) -> 251.0 (306.6) MB, pooled: 0 MB, 5.12 / 0.00 ms  (average mu = 0.993, current mu = 0.994) task; 
[25944:0x7fb000500000]     4694 ms: Scavenge 259.8 (306.6) -> 253.9 (306.6) MB, pooled: 0 MB, 3.29 / 0.01 ms  (average mu = 0.993, current mu = 0.994) task; 
[25944:0x7fb000500000]     4737 ms: Scavenge 265.7 (306.6) -> 259.2 (306.6) MB, pooled: 0 MB, 3.52 / 0.02 ms  (average mu = 0.993, current mu = 0.994) task; 
[25944:0x7fb000500000]     4769 ms: Scavenge 267.3 (306.6) -> 261.0 (306.6) MB, pooled: 0 MB, 2.97 / 0.03 ms  (average mu = 0.993, current mu = 0.994) task; 
[25944:0x7fb000500000]     4816 ms: Scavenge 272.9 (306.6) -> 264.9 (306.6) MB, pooled: 0 MB, 2.75 / 0.03 ms  (average mu = 0.993, current mu = 0.994) task; 
[25944:0x7fb000500000]     4856 ms: Scavenge 274.5 (306.6) -> 267.4 (306.6) MB, pooled: 0 MB, 2.92 / 0.03 ms  (average mu = 0.993, current mu = 0.994) task; 
[25944:0x7fb000500000]     4904 ms: Scavenge 277.9 (306.6) -> 270.1 (306.6) MB, pooled: 0 MB, 2.86 / 0.03 ms  (average mu = 0.993, current mu = 0.994) task; 
[25944:0x7fb000500000]     4949 ms: Scavenge 280.5 (306.6) -> 273.0 (308.9) MB, pooled: 0 MB, 3.25 / 0.03 ms  (average mu = 0.993, current mu = 0.994) task; 
[25944:0x7fb000500000]     4992 ms: Scavenge 283.4 (308.9) -> 275.3 (311.6) MB, pooled: 0 MB, 3.20 / 0.03 ms  (average mu = 0.993, current mu = 0.994) task; 
[25944:0x7fb000500000]     5034 ms: Scavenge 288.9 (312.1) -> 281.9 (315.1) MB, pooled: 0 MB, 4.55 / 0.01 ms  (average mu = 0.993, current mu = 0.994) task; 
[25944:0x7fb000500000]     5065 ms: Scavenge 290.6 (315.1) -> 285.7 (321.4) MB, pooled: 0 MB, 5.70 / 0.01 ms  (average mu = 0.993, current mu = 0.994) task; 
[25944:0x7fb000500000]     5115 ms: Scavenge 301.7 (324.4) -> 294.1 (327.9) MB, pooled: 0 MB, 4.90 / 0.02 ms  (average mu = 0.993, current mu = 0.994) allocation failure; 
[25944:0x7fb000500000]     5159 ms: Scavenge 310.9 (333.6) -> 304.0 (337.9) MB, pooled: 0 MB, 6.48 / 0.01 ms  (average mu = 0.993, current mu = 0.994) allocation failure; 
[25944:0x7fb000500000]     5195 ms: Scavenge 316.1 (338.9) -> 309.2 (344.6) MB, pooled: 0 MB, 6.45 / 0.00 ms  (average mu = 0.993, current mu = 0.994) allocation failure; 
[25944:0x7fb000500000]     5236 ms: Scavenge 322.3 (346.9) -> 319.3 (351.4) MB, pooled: 0 MB, 5.61 / 0.00 ms  (average mu = 0.993, current mu = 0.994) task; 
[25944:0x7fb000500000]     5281 ms: Scavenge 331.9 (357.7) -> 326.7 (364.0) MB, pooled: 0 MB, 5.37 / 0.02 ms  (average mu = 0.993, current mu = 0.994) task; 
[25944:0x7fb000500000]     5332 ms: Scavenge 338.2 (364.0) -> 329.4 (366.2) MB, pooled: 0 MB, 2.65 / 0.03 ms  (average mu = 0.993, current mu = 0.994) task; 
[25944:0x7fb000500000]     5384 ms: Scavenge 339.8 (366.2) -> 331.7 (368.7) MB, pooled: 0 MB, 3.05 / 0.02 ms  (average mu = 0.993, current mu = 0.994) task; 
[25944:0x7fb000500000]     5428 ms: Scavenge 342.5 (368.7) -> 333.1 (371.0) MB, pooled: 0 MB, 3.38 / 0.02 ms  (average mu = 0.993, current mu = 0.994) task; 
[25944:0x7fb000500000]     5485 ms: Scavenge 346.7 (371.7) -> 338.9 (373.7) MB, pooled: 0 MB, 5.55 / 0.02 ms  (average mu = 0.993, current mu = 0.994) task; 
[25944:0x7fb000500000]     5527 ms: Scavenge 348.4 (373.7) -> 342.6 (379.2) MB, pooled: 0 MB, 8.34 / 0.01 ms  (average mu = 0.993, current mu = 0.994) task; 
[25944:0x7fb000500000]     5572 ms: Scavenge 354.6 (379.2) -> 346.9 (383.0) MB, pooled: 0 MB, 5.01 / 0.01 ms  (average mu = 0.993, current mu = 0.994) task; 
[25944:0x7fb000500000]     5609 ms: Scavenge 357.1 (383.0) -> 350.6 (387.0) MB, pooled: 0 MB, 3.88 / 0.01 ms  (average mu = 0.993, current mu = 0.994) task; 
[25944:0x7fb000500000]     5647 ms: Scavenge 361.9 (387.5) -> 355.4 (391.2) MB, pooled: 0 MB, 4.62 / 0.01 ms  (average mu = 0.993, current mu = 0.994) task; 
[25944:0x7fb000500000]     5681 ms: Scavenge 365.2 (391.2) -> 358.9 (395.7) MB, pooled: 0 MB, 4.77 / 0.01 ms  (average mu = 0.993, current mu = 0.994) task; 
[25944:0x7fb000500000]     5722 ms: Scavenge 369.6 (396.0) -> 362.8 (399.2) MB, pooled: 0 MB, 6.09 / 0.01 ms  (average mu = 0.993, current mu = 0.994) task; 
[25944:0x7fb000500000]     5762 ms: Scavenge 373.2 (399.7) -> 367.1 (403.7) MB, pooled: 0 MB, 5.80 / 0.01 ms  (average mu = 0.993, current mu = 0.994) task; 
[25944:0x7fb000500000]     5819 ms: Scavenge 377.6 (403.7) -> 371.4 (407.5) MB, pooled: 0 MB, 9.13 / 0.01 ms  (average mu = 0.993, current mu = 0.994) task; 
[25944:0x7fb000500000]     5877 ms: Scavenge 382.7 (408.0) -> 374.4 (412.2) MB, pooled: 0 MB, 5.13 / 0.04 ms  (average mu = 0.993, current mu = 0.994) task; 
[25944:0x7fb000500000]     5920 ms: Scavenge 389.0 (413.0) -> 385.7 (415.7) MB, pooled: 0 MB, 5.60 / 0.01 ms  (average mu = 0.993, current mu = 0.994) allocation failure; 
[25944:0x7fb000500000]     5941 ms: Scavenge 389.3 (415.7) -> 387.1 (426.0) MB, pooled: 0 MB, 9.18 / 0.01 ms  (average mu = 0.993, current mu = 0.994) task; 
[25944:0x7fb000500000]     6005 ms: Scavenge 400.4 (426.7) -> 394.6 (428.4) MB, pooled: 0 MB, 4.42 / 0.01 ms  (average mu = 0.993, current mu = 0.994) task; 
[25944:0x7fb000500000]     6116 ms: Scavenge 405.5 (430.1) -> 402.6 (436.8) MB, pooled: 0 MB, 8.80 / 0.01 ms  (average mu = 0.993, current mu = 0.994) allocation failure; 
[25944:0x7fb000500000]     6145 ms: Scavenge 411.9 (436.8) -> 406.8 (442.8) MB, pooled: 0 MB, 7.52 / 0.00 ms  (average mu = 0.993, current mu = 0.994) allocation failure; 
[25944:0x7fb000500000]     6173 ms: Scavenge 418.2 (442.8) -> 407.4 (447.6) MB, pooled: 0 MB, 5.47 / 0.00 ms  (average mu = 0.993, current mu = 0.994) allocation failure; 
[25944:0x7fb000500000]     6331 ms: Scavenge 428.7 (453.9) -> 415.1 (451.8) MB, pooled: 0 MB, 6.67 / 0.00 ms  (average mu = 0.993, current mu = 0.994) allocation failure; 
[25944:0x7fb000500000]     6363 ms: Scavenge 427.2 (452.4) -> 424.6 (456.1) MB, pooled: 0 MB, 11.80 / 0.00 ms  (average mu = 0.993, current mu = 0.994) allocation failure; 
[25944:0x7fb000500000]     6383 ms: Scavenge 431.5 (456.2) -> 430.6 (465.7) MB, pooled: 0 MB, 9.40 / 0.00 ms  (average mu = 0.993, current mu = 0.994) allocation failure; 
[25944:0x7fb000500000]     6434 ms: Scavenge 458.0 (483.0) -> 455.9 (489.3) MB, pooled: 0 MB, 6.54 / 0.00 ms  (average mu = 0.993, current mu = 0.994) allocation failure; 
[25944:0x7fb000500000]     6471 ms: Scavenge 462.3 (490.1) -> 460.0 (498.8) MB, pooled: 0 MB, 7.95 / 0.00 ms  (average mu = 0.993, current mu = 0.994) task; 
[25944:0x7fb000500000]     6688 ms: Scavenge 477.5 (503.3) -> 472.2 (505.8) MB, pooled: 0 MB, 6.38 / 0.02 ms  (average mu = 0.993, current mu = 0.994) allocation failure; 
[25944:0x7fb000500000]     6712 ms: Scavenge 480.1 (505.8) -> 479.2 (513.8) MB, pooled: 0 MB, 9.76 / 0.00 ms  (average mu = 0.993, current mu = 0.994) allocation failure; 
[25944:0x7fb000500000]     6736 ms: Scavenge 487.9 (513.8) -> 487.0 (521.0) MB, pooled: 0 MB, 8.62 / 0.00 ms  (average mu = 0.993, current mu = 0.994) allocation failure; 
[25944:0x7fb000500000]     6765 ms: Scavenge 492.4 (521.0) -> 489.8 (529.0) MB, pooled: 0 MB, 8.26 / 0.00 ms  (average mu = 0.993, current mu = 0.994) task; 
[25944:0x7fb000500000]     6814 ms: Scavenge 503.9 (529.5) -> 501.7 (533.0) MB, pooled: 0 MB, 7.88 / 0.00 ms  (average mu = 0.993, current mu = 0.994) allocation failure; 
[25944:0x7fb000500000]     6841 ms: Scavenge 507.0 (533.0) -> 506.2 (544.3) MB, pooled: 0 MB, 11.87 / 0.00 ms  (average mu = 0.993, current mu = 0.994) allocation failure; 
[25944:0x7fb000500000]     6892 ms: Scavenge 519.6 (545.5) -> 517.8 (550.0) MB, pooled: 0 MB, 11.14 / 0.00 ms  (average mu = 0.993, current mu = 0.994) allocation failure; 
[25944:0x7fb000500000]     6924 ms: Scavenge 524.1 (550.0) -> 522.6 (560.8) MB, pooled: 0 MB, 14.62 / 0.00 ms  (average mu = 0.993, current mu = 0.994) allocation failure; 
[25944:0x7fb000500000]     7005 ms: Scavenge 532.0 (560.8) -> 524.8 (565.3) MB, pooled: 0 MB, 4.90 / 0.01 ms  (average mu = 0.993, current mu = 0.994) task; 
[25944:0x7fb000500000]     7050 ms: Scavenge 539.7 (566.0) -> 534.4 (568.8) MB, pooled: 0 MB, 5.34 / 0.01 ms  (average mu = 0.993, current mu = 0.994) allocation failure; 
[25944:0x7fb000500000]     7080 ms: Scavenge 542.6 (568.8) -> 541.2 (577.8) MB, pooled: 0 MB, 8.69 / 0.00 ms  (average mu = 0.993, current mu = 0.994) allocation failure; 
[25944:0x7fb000500000]     7114 ms: Scavenge 552.0 (578.5) -> 550.6 (585.2) MB, pooled: 0 MB, 8.17 / 0.00 ms  (average mu = 0.993, current mu = 0.994) allocation failure; 
[25944:0x7fb000500000]     7145 ms: Scavenge 559.4 (586.0) -> 558.4 (595.2) MB, pooled: 0 MB, 10.08 / 0.00 ms  (average mu = 0.993, current mu = 0.994) allocation failure; 
[25944:0x7fb000500000]     7181 ms: Scavenge 569.1 (595.9) -> 567.9 (603.1) MB, pooled: 0 MB, 9.09 / 0.00 ms  (average mu = 0.993, current mu = 0.994) allocation failure; 
[25944:0x7fb000500000]     7211 ms: Scavenge 576.4 (603.4) -> 575.3 (611.9) MB, pooled: 0 MB, 9.53 / 0.00 ms  (average mu = 0.993, current mu = 0.994) allocation failure; 
[25944:0x7fb000500000]     7244 ms: Scavenge 586.1 (613.2) -> 584.9 (620.5) MB, pooled: 0 MB, 8.15 / 0.00 ms  (average mu = 0.993, current mu = 0.994) allocation failure; 
[25944:0x7fb000500000]     7274 ms: Scavenge 593.8 (621.0) -> 592.7 (629.5) MB, pooled: 0 MB, 8.47 / 0.00 ms  (average mu = 0.993, current mu = 0.994) allocation failure; 
[25944:0x7fb000500000]     7307 ms: Scavenge 602.8 (630.2) -> 601.6 (637.7) MB, pooled: 0 MB, 8.42 / 0.00 ms  (average mu = 0.993, current mu = 0.994) allocation failure; 
[25944:0x7fb000500000]     7334 ms: Scavenge 608.4 (638.1) -> 606.9 (646.6) MB, pooled: 0 MB, 7.91 / 0.00 ms  (average mu = 0.993, current mu = 0.994) task; 
[25944:0x7fb000500000]     7379 ms: Scavenge 615.9 (646.6) -> 609.9 (651.6) MB, pooled: 0 MB, 5.23 / 0.00 ms  (average mu = 0.993, current mu = 0.994) task; 
[25944:0x7fb000500000]     7416 ms: Scavenge 622.3 (651.6) -> 618.2 (654.6) MB, pooled: 0 MB, 4.83 / 0.01 ms  (average mu = 0.993, current mu = 0.994) task; 
[25944:0x7fb000500000]     7449 ms: Scavenge 627.2 (654.8) -> 623.5 (662.8) MB, pooled: 0 MB, 8.04 / 0.00 ms  (average mu = 0.993, current mu = 0.994) allocation failure; 
[25944:0x7fb000500000]     7501 ms: Scavenge 635.7 (663.5) -> 629.0 (668.0) MB, pooled: 0 MB, 7.13 / 0.01 ms  (average mu = 0.993, current mu = 0.994) allocation failure; 
[25944:0x7fb000500000]     7542 ms: Scavenge 641.3 (669.3) -> 639.0 (674.3) MB, pooled: 0 MB, 8.50 / 0.01 ms  (average mu = 0.993, current mu = 0.994) allocation failure; 
[25944:0x7fb000500000]     7570 ms: Scavenge 646.4 (674.3) -> 642.1 (684.0) MB, pooled: 0 MB, 8.23 / 0.00 ms  (average mu = 0.993, current mu = 0.994) allocation failure; 
[25944:0x7fb000500000]     7604 ms: Scavenge 653.3 (684.3) -> 647.8 (687.8) MB, pooled: 0 MB, 6.00 / 0.00 ms  (average mu = 0.993, current mu = 0.994) task; 
[25944:0x7fb000500000]     7641 ms: Scavenge 658.2 (687.8) -> 652.1 (693.3) MB, pooled: 0 MB, 5.83 / 0.01 ms  (average mu = 0.993, current mu = 0.994) task; 
[25944:0x7fb000500000]     7684 ms: Scavenge 665.1 (693.5) -> 658.2 (697.8) MB, pooled: 0 MB, 6.57 / 0.01 ms  (average mu = 0.993, current mu = 0.994) allocation failure; 
[25944:0x7fb000500000]     7720 ms: Scavenge 667.7 (697.8) -> 662.2 (703.5) MB, pooled: 0 MB, 6.63 / 0.01 ms  (average mu = 0.993, current mu = 0.994) task; 
[25944:0x7fb000500000]     7768 ms: Scavenge 675.3 (703.8) -> 667.8 (708.0) MB, pooled: 0 MB, 7.20 / 0.02 ms  (average mu = 0.993, current mu = 0.994) allocation failure; 
[25944:0x7fb000500000]     7802 ms: Scavenge 677.0 (708.0) -> 672.0 (713.3) MB, pooled: 0 MB, 5.59 / 0.01 ms  (average mu = 0.993, current mu = 0.994) task; 
[25944:0x7fb000500000]     7847 ms: Scavenge 684.3 (713.5) -> 678.4 (718.0) MB, pooled: 0 MB, 5.39 / 0.01 ms  (average mu = 0.993, current mu = 0.994) task; 
[25944:0x7fb000500000]     7882 ms: Scavenge 686.3 (718.0) -> 680.9 (723.5) MB, pooled: 0 MB, 5.15 / 0.02 ms  (average mu = 0.993, current mu = 0.994) task; 
[25944:0x7fb000500000]     7926 ms: Scavenge 695.2 (724.0) -> 686.4 (726.5) MB, pooled: 0 MB, 3.86 / 0.01 ms  (average mu = 0.993, current mu = 0.994) allocation failure; 
[25944:0x7fb000500000]     7956 ms: Scavenge 695.3 (726.8) -> 691.7 (731.8) MB, pooled: 0 MB, 7.76 / 0.01 ms  (average mu = 0.993, current mu = 0.994) task; 
[25944:0x7fb000500000]     7994 ms: Scavenge 701.6 (732.0) -> 696.9 (737.5) MB, pooled: 0 MB, 5.66 / 0.01 ms  (average mu = 0.993, current mu = 0.994) task; 
[25944:0x7fb000500000]     8030 ms: Scavenge 706.0 (737.8) -> 701.8 (742.5) MB, pooled: 0 MB, 4.83 / 0.01 ms  (average mu = 0.993, current mu = 0.994) task; 
[25944:0x7fb000500000]     8080 ms: Scavenge 713.8 (743.0) -> 707.5 (748.0) MB, pooled: 0 MB, 5.82 / 0.01 ms  (average mu = 0.993, current mu = 0.994) task; 
[25944:0x7fb000500000]     8118 ms: Scavenge 717.3 (748.3) -> 712.4 (753.5) MB, pooled: 0 MB, 6.81 / 0.01 ms  (average mu = 0.993, current mu = 0.994) task; 
[25944:0x7fb000500000]     8155 ms: Scavenge 721.8 (753.8) -> 717.1 (758.3) MB, pooled: 0 MB, 6.20 / 0.01 ms  (average mu = 0.993, current mu = 0.994) task; 
[25944:0x7fb000500000]     8189 ms: Scavenge 726.4 (758.5) -> 721.5 (763.3) MB, pooled: 0 MB, 7.55 / 0.01 ms  (average mu = 0.993, current mu = 0.994) task; 
[25944:0x7fb000500000]     8235 ms: Scavenge 733.6 (763.5) -> 727.2 (768.0) MB, pooled: 0 MB, 5.53 / 0.01 ms  (average mu = 0.993, current mu = 0.994) task; 
[25944:0x7fb000500000]     8280 ms: Scavenge (interleaved) 735.7 (768.3) -> 730.9 (773.8) MB, pooled: 0 MB, 8.15 / 0.02 ms  (average mu = 0.993, current mu = 0.994) task; 
[25944:0x7fb000500000]     8339 ms: Scavenge (interleaved) 741.0 (773.8) -> 734.2 (777.5) MB, pooled: 0 MB, 7.70 / 0.02 ms  (average mu = 0.993, current mu = 0.994) task; 
[25944:0x7fb000500000]     8427 ms: Scavenge (interleaved) 744.4 (777.5) -> 737.0 (780.0) MB, pooled: 0 MB, 14.89 / 0.03 ms  (average mu = 0.993, current mu = 0.994) task; 
[25944:0x7fb000500000]     8506 ms: Scavenge (interleaved) 748.2 (780.5) -> 740.0 (783.7) MB, pooled: 0 MB, 5.41 / 0.03 ms  (average mu = 0.993, current mu = 0.994) task; 
[25944:0x7fb000500000]     8567 ms: Scavenge (interleaved) 750.3 (783.7) -> 742.7 (786.2) MB, pooled: 0 MB, 6.29 / 0.02 ms  (average mu = 0.993, current mu = 0.994) task; 
[25944:0x7fb000500000]     8618 ms: Mark-Compact 749.3 (786.2) -> 536.1 (709.7) MB, pooled: 63 MB, 11.28 / 0.11 ms  (+ 10.7 ms in 0 steps since start of marking, biggest step 0.0 ms, walltime since start of marking 377 ms) (average mu = 0.995, current mu = 0.996) finalize incremental marking via task; GC in old space requested
[25944:0x7fb000500000]     8688 ms: Scavenge 552.7 (709.7) -> 542.9 (709.7) MB, pooled: 63 MB, 3.72 / 0.02 ms  (average mu = 0.995, current mu = 0.996) allocation failure; 
[25944:0x7fb000500000]     8720 ms: Scavenge 551.4 (709.7) -> 546.7 (709.7) MB, pooled: 63 MB, 6.74 / 0.01 ms  (average mu = 0.995, current mu = 0.996) task; 
[25944:0x7fb000500000]     8754 ms: Scavenge 557.3 (709.7) -> 551.4 (709.7) MB, pooled: 63 MB, 3.90 / 0.01 ms  (average mu = 0.995, current mu = 0.996) task; 
[25944:0x7fb000500000]     8797 ms: Scavenge 561.5 (709.7) -> 555.3 (709.7) MB, pooled: 63 MB, 4.38 / 0.02 ms  (average mu = 0.995, current mu = 0.996) task; 
[25944:0x7fb000500000]     8843 ms: Scavenge 565.7 (709.7) -> 557.9 (709.7) MB, pooled: 63 MB, 3.03 / 0.02 ms  (average mu = 0.995, current mu = 0.996) task; 
[25944:0x7fb000500000]     8891 ms: Scavenge 568.9 (710.0) -> 560.5 (710.0) MB, pooled: 63 MB, 3.49 / 0.02 ms  (average mu = 0.995, current mu = 0.996) task; 
[25944:0x7fb000500000]     8932 ms: Scavenge 571.7 (710.0) -> 562.1 (710.0) MB, pooled: 63 MB, 2.84 / 0.02 ms  (average mu = 0.995, current mu = 0.996) task; 
[25944:0x7fb000500000]     8974 ms: Scavenge 575.0 (710.0) -> 567.1 (710.0) MB, pooled: 63 MB, 3.43 / 0.02 ms  (average mu = 0.995, current mu = 0.996) task; 
[25944:0x7fb000500000]     9020 ms: Scavenge 576.6 (710.0) -> 569.3 (710.0) MB, pooled: 63 MB, 4.29 / 0.04 ms  (average mu = 0.995, current mu = 0.996) task; 
[25944:0x7fb000500000]     9065 ms: Scavenge 580.9 (710.0) -> 570.9 (710.0) MB, pooled: 63 MB, 2.78 / 0.01 ms  (average mu = 0.995, current mu = 0.996) task; 
[25944:0x7fb000500000]     9116 ms: Scavenge 586.2 (710.0) -> 577.2 (710.0) MB, pooled: 63 MB, 3.87 / 0.02 ms  (average mu = 0.995, current mu = 0.996) allocation failure; 
[25944:0x7fb000500000]     9174 ms: Scavenge 588.7 (710.0) -> 581.4 (710.0) MB, pooled: 63 MB, 5.21 / 0.00 ms  (average mu = 0.995, current mu = 0.996) allocation failure; 
[25944:0x7fb000500000]     9248 ms: Scavenge 595.8 (710.0) -> 585.5 (710.2) MB, pooled: 62 MB, 4.17 / 0.00 ms  (average mu = 0.995, current mu = 0.996) allocation failure; 
[25944:0x7fb000500000]     9328 ms: Scavenge 601.7 (710.2) -> 590.9 (710.2) MB, pooled: 62 MB, 4.54 / 0.00 ms  (average mu = 0.995, current mu = 0.996) allocation failure; 
[25944:0x7fb000500000]     9400 ms: Scavenge 606.0 (710.5) -> 595.5 (710.5) MB, pooled: 62 MB, 4.44 / 0.00 ms  (average mu = 0.995, current mu = 0.996) allocation failure; 
[25944:0x7fb000500000]     9464 ms: Scavenge 611.3 (710.5) -> 600.4 (710.5) MB, pooled: 62 MB, 4.79 / 0.00 ms  (average mu = 0.995, current mu = 0.996) allocation failure; 
[25944:0x7fb000500000]     9528 ms: Scavenge 616.8 (710.5) -> 605.7 (710.5) MB, pooled: 62 MB, 4.50 / 0.00 ms  (average mu = 0.995, current mu = 0.996) allocation failure; 
[25944:0x7fb000500000]     9601 ms: Scavenge 621.8 (710.5) -> 610.9 (710.5) MB, pooled: 62 MB, 4.70 / 0.00 ms  (average mu = 0.995, current mu = 0.996) allocation failure; 
[25944:0x7fb000500000]     9666 ms: Scavenge 626.8 (710.5) -> 615.6 (710.5) MB, pooled: 62 MB, 4.43 / 0.00 ms  (average mu = 0.995, current mu = 0.996) allocation failure; 
[25944:0x7fb000500000]     9733 ms: Scavenge 632.1 (710.5) -> 621.0 (710.5) MB, pooled: 62 MB, 4.06 / 0.00 ms  (average mu = 0.995, current mu = 0.996) allocation failure; 
[25944:0x7fb000500000]     9807 ms: Scavenge 635.9 (710.7) -> 625.0 (710.7) MB, pooled: 62 MB, 4.60 / 0.00 ms  (average mu = 0.995, current mu = 0.996) allocation failure; 
[25944:0x7fb000500000]     9852 ms: Scavenge 639.1 (710.7) -> 628.4 (710.7) MB, pooled: 62 MB, 4.27 / 0.00 ms  (average mu = 0.995, current mu = 0.996) allocation failure; 
[25944:0x7fb000500000]     9892 ms: Scavenge 641.5 (710.7) -> 631.4 (710.7) MB, pooled: 62 MB, 5.34 / 0.00 ms  (average mu = 0.995, current mu = 0.996) allocation failure; 
[25944:0x7fb000500000]     9930 ms: Scavenge 644.7 (710.7) -> 634.7 (710.7) MB, pooled: 62 MB, 5.05 / 0.00 ms  (average mu = 0.995, current mu = 0.996) allocation failure; 
[25944:0x7fb000500000]     9974 ms: Scavenge 648.2 (710.7) -> 636.8 (710.7) MB, pooled: 62 MB, 3.14 / 0.00 ms  (average mu = 0.995, current mu = 0.996) allocation failure; 
[25944:0x7fb000500000]    10020 ms: Scavenge 651.5 (711.2) -> 638.7 (711.2) MB, pooled: 62 MB, 2.53 / 0.00 ms  (average mu = 0.995, current mu = 0.996) allocation failure; 
[25944:0x7fb000500000]    10055 ms: Scavenge 653.5 (711.4) -> 640.8 (711.4) MB, pooled: 62 MB, 2.12 / 0.00 ms  (average mu = 0.995, current mu = 0.996) allocation failure; 
[25944:0x7fb000500000]    10085 ms: Scavenge 655.5 (711.4) -> 643.6 (711.4) MB, pooled: 62 MB, 3.08 / 0.00 ms  (average mu = 0.995, current mu = 0.996) allocation failure; 
[25944:0x7fb000500000]    10111 ms: Scavenge 657.4 (711.4) -> 645.0 (711.4) MB, pooled: 62 MB, 2.07 / 0.00 ms  (average mu = 0.995, current mu = 0.996) allocation failure; 
[25944:0x7fb000500000]    10148 ms: Scavenge 660.0 (711.4) -> 645.9 (711.4) MB, pooled: 62 MB, 1.76 / 0.00 ms  (average mu = 0.995, current mu = 0.996) allocation failure; 
[25944:0x7fb000500000]    10185 ms: Scavenge 661.3 (711.4) -> 646.9 (711.4) MB, pooled: 62 MB, 1.47 / 0.00 ms  (average mu = 0.995, current mu = 0.996) allocation failure; 
[25944:0x7fb000500000]    10223 ms: Scavenge 662.4 (711.4) -> 648.7 (711.4) MB, pooled: 62 MB, 2.38 / 0.00 ms  (average mu = 0.995, current mu = 0.996) allocation failure; 
[25944:0x7fb000500000]    10263 ms: Scavenge 663.7 (712.0) -> 650.1 (712.0) MB, pooled: 62 MB, 1.65 / 0.00 ms  (average mu = 0.995, current mu = 0.996) allocation failure; 
[25944:0x7fb000500000]    10293 ms: Scavenge 665.3 (712.0) -> 650.7 (712.0) MB, pooled: 62 MB, 1.62 / 0.00 ms  (average mu = 0.995, current mu = 0.996) allocation failure; 
[25944:0x7fb000500000]    10327 ms: Scavenge 666.4 (712.0) -> 651.6 (712.0) MB, pooled: 62 MB, 1.46 / 0.00 ms  (average mu = 0.995, current mu = 0.996) allocation failure; 
[25944:0x7fb000500000]    10365 ms: Scavenge 667.0 (712.0) -> 652.6 (712.0) MB, pooled: 62 MB, 1.29 / 0.00 ms  (average mu = 0.995, current mu = 0.996) allocation failure; 
[25944:0x7fb000500000]    10402 ms: Scavenge 668.0 (712.0) -> 653.7 (712.0) MB, pooled: 62 MB, 2.14 / 0.00 ms  (average mu = 0.995, current mu = 0.996) allocation failure; 
[25944:0x7fb000500000]    10444 ms: Scavenge 669.0 (712.0) -> 655.0 (712.0) MB, pooled: 62 MB, 1.48 / 0.00 ms  (average mu = 0.995, current mu = 0.996) allocation failure; 
[25944:0x7fb000500000]    10485 ms: Scavenge 670.4 (712.0) -> 657.0 (712.0) MB, pooled: 62 MB, 2.04 / 0.00 ms  (average mu = 0.995, current mu = 0.996) allocation failure; 
[25944:0x7fb000500000]    10523 ms: Scavenge 671.7 (712.0) -> 658.7 (712.0) MB, pooled: 62 MB, 1.98 / 0.00 ms  (average mu = 0.995, current mu = 0.996) allocation failure; 
[25944:0x7fb000500000]    10555 ms: Scavenge 673.4 (712.0) -> 659.5 (712.0) MB, pooled: 62 MB, 1.82 / 0.00 ms  (average mu = 0.995, current mu = 0.996) allocation failure; 
[25944:0x7fb000500000]    10587 ms: Scavenge 675.0 (712.0) -> 660.7 (712.0) MB, pooled: 62 MB, 1.49 / 0.00 ms  (average mu = 0.995, current mu = 0.996) allocation failure; 
[25944:0x7fb000500000]    10616 ms: Scavenge 675.9 (712.2) -> 661.5 (712.2) MB, pooled: 62 MB, 1.44 / 0.00 ms  (average mu = 0.995, current mu = 0.996) allocation failure; 
[25944:0x7fb000500000]    10649 ms: Scavenge 677.0 (712.2) -> 662.4 (712.2) MB, pooled: 62 MB, 1.23 / 0.00 ms  (average mu = 0.995, current mu = 0.996) allocation failure; 
[25944:0x7fb000500000]    10678 ms: Scavenge 677.8 (712.2) -> 663.7 (712.2) MB, pooled: 62 MB, 1.61 / 0.00 ms  (average mu = 0.995, current mu = 0.996) allocation failure; 
[25944:0x7fb000500000]    10707 ms: Scavenge 679.4 (712.8) -> 666.0 (712.8) MB, pooled: 62 MB, 1.97 / 0.00 ms  (average mu = 0.995, current mu = 0.996) allocation failure; 
[25944:0x7fb000500000]    10743 ms: Scavenge 680.6 (712.8) -> 666.8 (712.8) MB, pooled: 62 MB, 1.63 / 0.00 ms  (average mu = 0.995, current mu = 0.996) allocation failure; 
[25944:0x7fb000500000]    10779 ms: Scavenge 682.4 (712.8) -> 668.4 (712.8) MB, pooled: 62 MB, 1.95 / 0.00 ms  (average mu = 0.995, current mu = 0.996) allocation failure; 
[25944:0x7fb000500000]    10819 ms: Scavenge 683.4 (712.8) -> 669.6 (714.3) MB, pooled: 61 MB, 1.59 / 0.00 ms  (average mu = 0.995, current mu = 0.996) allocation failure; 
[25944:0x7fb000500000]    10853 ms: Scavenge 684.8 (714.3) -> 670.5 (715.1) MB, pooled: 60 MB, 1.73 / 0.00 ms  (average mu = 0.995, current mu = 0.996) allocation failure; 
[25944:0x7fb000500000]    10888 ms: Scavenge 685.9 (715.3) -> 671.6 (716.6) MB, pooled: 59 MB, 1.56 / 0.00 ms  (average mu = 0.995, current mu = 0.996) allocation failure; 
[25944:0x7fb000500000]    10916 ms: Scavenge 686.8 (716.6) -> 672.7 (717.1) MB, pooled: 58 MB, 1.42 / 0.00 ms  (average mu = 0.995, current mu = 0.996) allocation failure; 
[25944:0x7fb000500000]    10944 ms: Scavenge 688.0 (717.6) -> 674.4 (719.1) MB, pooled: 56 MB, 1.82 / 0.00 ms  (average mu = 0.995, current mu = 0.996) allocation failure; 
[25944:0x7fb000500000]    10976 ms: Scavenge 689.3 (719.1) -> 675.4 (720.3) MB, pooled: 55 MB, 1.63 / 0.00 ms  (average mu = 0.995, current mu = 0.996) allocation failure; 
[25944:0x7fb000500000]    11004 ms: Scavenge 690.7 (720.6) -> 676.6 (721.8) MB, pooled: 54 MB, 1.37 / 0.00 ms  (average mu = 0.995, current mu = 0.996) allocation failure; 
[25944:0x7fb000500000]    11031 ms: Scavenge 691.9 (721.8) -> 678.4 (722.6) MB, pooled: 53 MB, 1.51 / 0.00 ms  (average mu = 0.995, current mu = 0.996) allocation failure; 
[25944:0x7fb000500000]    11063 ms: Scavenge 693.1 (722.8) -> 679.1 (724.3) MB, pooled: 51 MB, 1.54 / 0.00 ms  (average mu = 0.995, current mu = 0.996) allocation failure; 
[25944:0x7fb000500000]    11097 ms: Scavenge 694.6 (724.3) -> 679.9 (725.1) MB, pooled: 50 MB, 1.42 / 0.00 ms  (average mu = 0.995, current mu = 0.996) allocation failure; 
[25944:0x7fb000500000]    11135 ms: Scavenge 695.3 (725.1) -> 680.6 (726.1) MB, pooled: 50 MB, 1.38 / 0.00 ms  (average mu = 0.995, current mu = 0.996) allocation failure; 
[25944:0x7fb000500000]    11168 ms: Scavenge 696.0 (726.1) -> 681.3 (726.8) MB, pooled: 49 MB, 1.35 / 0.00 ms  (average mu = 0.995, current mu = 0.996) allocation failure; 
[25944:0x7fb000500000]    11205 ms: Scavenge 696.7 (726.8) -> 682.1 (727.6) MB, pooled: 48 MB, 1.30 / 0.00 ms  (average mu = 0.995, current mu = 0.996) allocation failure; 
[25944:0x7fb000500000]    11238 ms: Scavenge 697.5 (727.6) -> 682.6 (728.1) MB, pooled: 48 MB, 1.24 / 0.00 ms  (average mu = 0.995, current mu = 0.996) allocation failure; 
[25944:0x7fb000500000]    11271 ms: Scavenge 698.3 (728.1) -> 683.5 (729.1) MB, pooled: 46 MB, 1.30 / 0.00 ms  (average mu = 0.995, current mu = 0.996) allocation failure; 
[25944:0x7fb000500000]    11303 ms: Scavenge 698.8 (729.1) -> 684.0 (729.6) MB, pooled: 46 MB, 1.30 / 0.00 ms  (average mu = 0.995, current mu = 0.996) allocation failure; 
[25944:0x7fb000500000]    11337 ms: Scavenge 699.7 (729.8) -> 685.0 (730.6) MB, pooled: 45 MB, 1.35 / 0.00 ms  (average mu = 0.995, current mu = 0.996) allocation failure; 
[25944:0x7fb000500000]    11369 ms: Scavenge 700.3 (730.6) -> 685.6 (731.3) MB, pooled: 44 MB, 1.32 / 0.00 ms  (average mu = 0.995, current mu = 0.996) allocation failure; 
[25944:0x7fb000500000]    11402 ms: Scavenge 701.2 (731.3) -> 686.3 (732.1) MB, pooled: 44 MB, 1.41 / 0.00 ms  (average mu = 0.995, current mu = 0.996) allocation failure; 
[25944:0x7fb000500000]    11439 ms: Scavenge 701.7 (732.1) -> 686.7 (732.8) MB, pooled: 43 MB, 1.33 / 0.00 ms  (average mu = 0.995, current mu = 0.996) allocation failure; 
[25944:0x7fb000500000]    11492 ms: Scavenge 703.8 (734.1) -> 688.8 (734.6) MB, pooled: 42 MB, 1.20 / 0.00 ms  (average mu = 0.995, current mu = 0.996) allocation failure; 
[25944:0x7fb000500000]    11524 ms: Scavenge 704.1 (734.6) -> 689.3 (734.8) MB, pooled: 42 MB, 1.25 / 0.00 ms  (average mu = 0.995, current mu = 0.996) allocation failure; 
[25944:0x7fb000500000]    11570 ms: Scavenge 705.1 (735.1) -> 690.9 (736.1) MB, pooled: 41 MB, 2.53 / 0.00 ms  (average mu = 0.995, current mu = 0.996) allocation failure; 
[25944:0x7fb000500000]    11609 ms: Scavenge 705.8 (736.1) -> 691.7 (737.3) MB, pooled: 40 MB, 1.75 / 0.00 ms  (average mu = 0.995, current mu = 0.996) allocation failure; 
[25944:0x7fb000500000]    11653 ms: Scavenge 707.2 (737.3) -> 692.3 (738.3) MB, pooled: 39 MB, 2.29 / 0.00 ms  (average mu = 0.995, current mu = 0.996) allocation failure; 
[25944:0x7fb000500000]    11690 ms: Scavenge 707.9 (738.3) -> 692.7 (738.6) MB, pooled: 38 MB, 1.16 / 0.00 ms  (average mu = 0.995, current mu = 0.996) allocation failure; 
[25944:0x7fb000500000]    11723 ms: Scavenge 708.4 (738.6) -> 693.2 (739.3) MB, pooled: 38 MB, 1.42 / 0.00 ms  (average mu = 0.995, current mu = 0.996) allocation failure; 
[25944:0x7fb000500000]    11765 ms: Scavenge 708.8 (739.3) -> 693.7 (739.6) MB, pooled: 38 MB, 1.19 / 0.00 ms  (average mu = 0.995, current mu = 0.996) allocation failure; 
[25944:0x7fb000500000]    11820 ms: Scavenge 709.4 (739.6) -> 694.4 (740.3) MB, pooled: 37 MB, 1.18 / 0.00 ms  (average mu = 0.995, current mu = 0.996) allocation failure; 
[25944:0x7fb000500000]    11845 ms: Scavenge 709.9 (740.3) -> 694.9 (740.6) MB, pooled: 36 MB, 1.24 / 0.00 ms  (average mu = 0.995, current mu = 0.996) allocation failure; 
[25944:0x7fb000500000]    11889 ms: Scavenge 710.7 (740.8) -> 696.4 (741.8) MB, pooled: 35 MB, 1.50 / 0.00 ms  (average mu = 0.995, current mu = 0.996) allocation failure; 
[25944:0x7fb000500000]    11941 ms: Scavenge 711.2 (741.8) -> 696.9 (742.6) MB, pooled: 34 MB, 1.58 / 0.00 ms  (average mu = 0.995, current mu = 0.996) allocation failure; 
[25944:0x7fb000500000]    11989 ms: Scavenge 712.8 (742.8) -> 698.5 (743.8) MB, pooled: 33 MB, 1.57 / 0.00 ms  (average mu = 0.995, current mu = 0.996) allocation failure; 
[25944:0x7fb000500000]    12048 ms: Scavenge 713.7 (743.8) -> 699.4 (745.3) MB, pooled: 32 MB, 1.26 / 0.00 ms  (average mu = 0.995, current mu = 0.996) allocation failure; 
[25944:0x7fb000500000]    12075 ms: Scavenge 714.8 (745.3) -> 699.8 (746.1) MB, pooled: 31 MB, 1.22 / 0.00 ms  (average mu = 0.995, current mu = 0.996) allocation failure; 
[25944:0x7fb000500000]    12120 ms: Scavenge 715.6 (746.1) -> 700.9 (746.1) MB, pooled: 31 MB, 1.56 / 0.00 ms  (average mu = 0.995, current mu = 0.996) allocation failure; 
[25944:0x7fb000500000]    12170 ms: Scavenge 716.4 (746.6) -> 701.9 (747.8) MB, pooled: 29 MB, 1.44 / 0.00 ms  (average mu = 0.995, current mu = 0.996) allocation failure; 
[25944:0x7fb000500000]    12260 ms: Scavenge 717.2 (747.8) -> 702.1 (748.1) MB, pooled: 29 MB, 1.31 / 0.00 ms  (average mu = 0.995, current mu = 0.996) allocation failure; 
[25944:0x7fb000500000]    12293 ms: Scavenge 717.7 (748.1) -> 702.3 (748.3) MB, pooled: 29 MB, 0.89 / 0.00 ms  (average mu = 0.995, current mu = 0.996) allocation failure; 
[25944:0x7fb000500000]    12329 ms: Scavenge 718.0 (748.3) -> 702.9 (748.8) MB, pooled: 28 MB, 1.25 / 0.00 ms  (average mu = 0.995, current mu = 0.996) allocation failure; 
[25944:0x7fb000500000]    12404 ms: Scavenge 718.4 (749.0) -> 703.2 (749.3) MB, pooled: 28 MB, 1.22 / 0.00 ms  (average mu = 0.995, current mu = 0.996) allocation failure; 
[25944:0x7fb000500000]    12470 ms: Scavenge 718.9 (749.3) -> 703.4 (749.8) MB, pooled: 28 MB, 0.98 / 0.00 ms  (average mu = 0.995, current mu = 0.996) allocation failure; 
[25944:0x7fb000500000]    12503 ms: Scavenge 719.1 (749.8) -> 703.7 (749.8) MB, pooled: 28 MB, 1.13 / 0.00 ms  (average mu = 0.995, current mu = 0.996) allocation failure; 
[25944:0x7fb000500000]    12580 ms: Scavenge 719.2 (749.8) -> 703.8 (749.8) MB, pooled: 28 MB, 1.08 / 0.00 ms  (average mu = 0.995, current mu = 0.996) allocation failure; 
[25944:0x7fb000500000]    12636 ms: Scavenge 719.5 (749.8) -> 704.0 (750.3) MB, pooled: 27 MB, 0.96 / 0.00 ms  (average mu = 0.995, current mu = 0.996) allocation failure; 
[25944:0x7fb000500000]    12670 ms: Scavenge 719.8 (750.3) -> 704.6 (750.5) MB, pooled: 27 MB, 1.23 / 0.00 ms  (average mu = 0.995, current mu = 0.996) allocation failure; 
[25944:0x7fb000500000]    12742 ms: Scavenge 719.9 (750.5) -> 704.7 (750.8) MB, pooled: 26 MB, 1.12 / 0.00 ms  (average mu = 0.995, current mu = 0.996) allocation failure; 
[25944:0x7fb000500000]    12802 ms: Scavenge 720.3 (750.8) -> 704.8 (751.0) MB, pooled: 26 MB, 1.03 / 0.00 ms  (average mu = 0.995, current mu = 0.996) allocation failure; 
[25944:0x7fb000500000]    12835 ms: Scavenge 720.5 (751.0) -> 705.1 (751.3) MB, pooled: 26 MB, 1.02 / 0.00 ms  (average mu = 0.995, current mu = 0.996) allocation failure; 
[25944:0x7fb000500000]    12917 ms: Scavenge 720.6 (751.3) -> 705.1 (751.5) MB, pooled: 26 MB, 1.04 / 0.00 ms  (average mu = 0.995, current mu = 0.996) allocation failure; 
[25944:0x7fb000500000]    12965 ms: Scavenge 720.7 (751.5) -> 705.1 (751.5) MB, pooled: 26 MB, 0.96 / 0.00 ms  (average mu = 0.995, current mu = 0.996) allocation failure; 
[25944:0x7fb000500000]    13021 ms: Scavenge 720.8 (751.5) -> 705.2 (751.5) MB, pooled: 26 MB, 0.96 / 0.00 ms  (average mu = 0.995, current mu = 0.996) allocation failure; 
[25944:0x7fb000500000]    13109 ms: Scavenge 721.1 (751.5) -> 706.3 (751.8) MB, pooled: 26 MB, 1.27 / 0.00 ms  (average mu = 0.995, current mu = 0.996) allocation failure; 
[25944:0x7fb000500000]    13140 ms: Scavenge 721.2 (751.8) -> 706.3 (752.8) MB, pooled: 24 MB, 1.60 / 0.00 ms  (average mu = 0.995, current mu = 0.996) allocation failure; 
[25944:0x7fb000500000]    13222 ms: Scavenge 722.0 (752.8) -> 706.4 (752.8) MB, pooled: 24 MB, 0.82 / 0.00 ms  (average mu = 0.995, current mu = 0.996) allocation failure; 
[25944:0x7fb000500000]    13284 ms: Scavenge 722.0 (752.8) -> 706.3 (752.8) MB, pooled: 24 MB, 0.95 / 0.00 ms  (average mu = 0.995, current mu = 0.996) allocation failure; 
[25944:0x7fb000500000]    13346 ms: Scavenge 722.1 (752.8) -> 706.4 (752.8) MB, pooled: 24 MB, 0.94 / 0.00 ms  (average mu = 0.995, current mu = 0.996) allocation failure; 
[25944:0x7fb000500000]    13444 ms: Scavenge 722.1 (752.8) -> 706.4 (752.8) MB, pooled: 24 MB, 0.92 / 0.00 ms  (average mu = 0.995, current mu = 0.996) allocation failure; 
[25944:0x7fb000500000]    13482 ms: Scavenge 722.1 (752.8) -> 706.4 (752.8) MB, pooled: 24 MB, 0.79 / 0.00 ms  (average mu = 0.995, current mu = 0.996) allocation failure; 
[25944:0x7fb000500000]    13575 ms: Scavenge 722.1 (752.8) -> 706.4 (752.8) MB, pooled: 24 MB, 0.95 / 0.00 ms  (average mu = 0.995, current mu = 0.996) allocation failure; 
[25944:0x7fb000500000]    13613 ms: Scavenge 722.1 (752.8) -> 706.4 (752.8) MB, pooled: 24 MB, 0.80 / 0.00 ms  (average mu = 0.995, current mu = 0.996) allocation failure; 
[25944:0x7fb000500000]    13689 ms: Scavenge 722.1 (752.8) -> 706.4 (752.8) MB, pooled: 24 MB, 0.86 / 0.00 ms  (average mu = 0.995, current mu = 0.996) allocation failure; 
[25944:0x7fb000500000]    13760 ms: Scavenge 722.1 (752.8) -> 706.4 (752.8) MB, pooled: 24 MB, 0.88 / 0.00 ms  (average mu = 0.995, current mu = 0.996) allocation failure; 
 3323 modules transformed.
[25944:0x7fb000500000]    13814 ms: Scavenge 722.4 (753.0) -> 707.1 (753.0) MB, pooled: 24 MB, 0.89 / 0.00 ms  (average mu = 0.995, current mu = 0.996) allocation failure; 
[25944:0x7fb000500000]    13872 ms: Scavenge 722.7 (753.0) -> 707.9 (753.0) MB, pooled: 24 MB, 1.49 / 0.00 ms  (average mu = 0.995, current mu = 0.996) allocation failure; 
[25944:0x7fb000500000]    13915 ms: Scavenge 722.9 (753.0) -> 708.2 (754.0) MB, pooled: 24 MB, 1.77 / 0.00 ms  (average mu = 0.995, current mu = 0.996) allocation failure; 
[25944:0x7fb000500000]    14046 ms: Scavenge 726.0 (756.0) -> 711.5 (756.3) MB, pooled: 22 MB, 4.95 / 0.00 ms  (average mu = 0.995, current mu = 0.996) allocation failure; 
[25944:0x7fb000500000]    14100 ms: Scavenge 726.2 (756.3) -> 712.8 (758.0) MB, pooled: 21 MB, 1.65 / 0.00 ms  (average mu = 0.995, current mu = 0.996) allocation failure; 
[25944:0x7fb000500000]    14169 ms: Scavenge 727.4 (758.0) -> 715.1 (759.3) MB, pooled: 20 MB, 2.04 / 0.00 ms  (average mu = 0.995, current mu = 0.996) allocation failure; 
[25944:0x7fb000500000]    14232 ms: Scavenge 728.9 (759.5) -> 719.6 (761.8) MB, pooled: 17 MB, 3.00 / 0.00 ms  (average mu = 0.995, current mu = 0.996) allocation failure; 
[25944:0x7fb000500000]    14289 ms: Scavenge 731.7 (762.2) -> 722.8 (766.2) MB, pooled: 13 MB, 3.11 / 0.00 ms  (average mu = 0.995, current mu = 0.996) allocation failure; 
[25944:0x7fb000500000]    14320 ms: Scavenge 737.5 (775.7) -> 733.6 (778.9) MB, pooled: 10 MB, 2.01 / 0.00 ms  (average mu = 0.995, current mu = 0.996) allocation failure; 
[25944:0x7fb00076f000]       48 ms: Scavenge 3.6 (4.3) -> 3.2 (5.3) MB, pooled: 0 MB, 1.33 / 0.00 ms  (average mu = 1.000, current mu = 1.000) allocation failure; 
[25944:0x7fb0048b3000]       49 ms: Scavenge 3.6 (4.3) -> 3.2 (5.3) MB, pooled: 0 MB, 5.05 / 0.00 ms  (average mu = 1.000, current mu = 1.000) allocation failure; 
[25944:0x7fb0049d5000]       39 ms: Scavenge 3.6 (4.3) -> 3.2 (5.3) MB, pooled: 0 MB, 0.93 / 0.00 ms  (average mu = 1.000, current mu = 1.000) allocation failure; 
[25944:0x7fb00431c000]       55 ms: Scavenge 3.6 (4.3) -> 3.2 (5.3) MB, pooled: 0 MB, 11.69 / 0.00 ms  (average mu = 1.000, current mu = 1.000) allocation failure; 
[25944:0x7fb004437000]       54 ms: Scavenge 3.6 (4.3) -> 3.2 (5.3) MB, pooled: 0 MB, 9.49 / 0.00 ms  (average mu = 1.000, current mu = 1.000) allocation failure; 
[25944:0x7fb00058e000]       60 ms: Scavenge 3.6 (4.3) -> 3.2 (5.3) MB, pooled: 0 MB, 6.84 / 0.00 ms  (average mu = 1.000, current mu = 1.000) allocation failure; 
[25944:0x7fb0049d5000]       58 ms: Scavenge 4.1 (5.6) -> 3.9 (6.3) MB, pooled: 0 MB, 2.14 / 0.00 ms  (average mu = 1.000, current mu = 1.000) allocation failure; 
[25944:0x7fb004437000]       70 ms: Scavenge 4.1 (5.6) -> 3.9 (6.3) MB, pooled: 0 MB, 2.18 / 0.00 ms  (average mu = 1.000, current mu = 1.000) allocation failure; 
[25944:0x7fb00058e000]       71 ms: Scavenge 4.1 (5.6) -> 3.9 (6.3) MB, pooled: 0 MB, 1.90 / 0.00 ms  (average mu = 1.000, current mu = 1.000) allocation failure; 
[25944:0x7fb0048b3000]       70 ms: Scavenge 4.1 (5.6) -> 3.9 (6.3) MB, pooled: 0 MB, 1.74 / 0.00 ms  (average mu = 1.000, current mu = 1.000) allocation failure; 
[25944:0x7fb00431c000]       76 ms: Scavenge 4.1 (5.6) -> 3.9 (6.3) MB, pooled: 0 MB, 4.50 / 0.00 ms  (average mu = 1.000, current mu = 1.000) allocation failure; 
[25944:0x7fb00431c000]      102 ms: Scavenge 5.2 (7.1) -> 4.9 (9.8) MB, pooled: 0 MB, 1.70 / 0.00 ms  (average mu = 1.000, current mu = 1.000) task; 
[25944:0x7fb00058e000]      101 ms: Scavenge 5.2 (7.1) -> 4.9 (9.8) MB, pooled: 0 MB, 1.87 / 0.00 ms  (average mu = 1.000, current mu = 1.000) task; 
[25944:0x7fb0049d5000]       88 ms: Scavenge 5.2 (7.1) -> 4.8 (9.6) MB, pooled: 0 MB, 1.81 / 0.00 ms  (average mu = 1.000, current mu = 1.000) task; 
[25944:0x7fb004437000]      102 ms: Scavenge 5.2 (7.1) -> 4.9 (9.6) MB, pooled: 0 MB, 3.71 / 0.00 ms  (average mu = 1.000, current mu = 1.000) task; 
[25944:0x7fb0048b3000]      107 ms: Scavenge 5.2 (7.1) -> 4.9 (9.3) MB, pooled: 0 MB, 2.29 / 0.00 ms  (average mu = 1.000, current mu = 1.000) task; 
[25944:0x7fb004345000]      125 ms: Scavenge 3.6 (4.3) -> 3.2 (5.3) MB, pooled: 0 MB, 2.44 / 0.00 ms  (average mu = 1.000, current mu = 1.000) allocation failure; 
[25944:0x7fb004345000]      134 ms: Scavenge 4.0 (5.6) -> 3.8 (6.3) MB, pooled: 0 MB, 0.95 / 0.00 ms  (average mu = 1.000, current mu = 1.000) allocation failure; 
[25944:0x7fb00076f000]      145 ms: Scavenge 4.0 (5.6) -> 3.8 (6.1) MB, pooled: 0 MB, 2.20 / 0.00 ms  (average mu = 1.000, current mu = 1.000) allocation failure; 
[25944:0x7fb004345000]      156 ms: Scavenge 5.3 (7.1) -> 4.9 (9.6) MB, pooled: 0 MB, 0.68 / 0.00 ms  (average mu = 1.000, current mu = 1.000) task; 
[25944:0x7fb00076f000]      199 ms: Scavenge 5.2 (7.1) -> 4.8 (9.3) MB, pooled: 0 MB, 2.19 / 0.00 ms  (average mu = 1.000, current mu = 1.000) task; 
rendering chunks...
[25944:0x7fb000500000]    14674 ms: Scavenge 751.6 (794.7) -> 749.9 (795.5) MB, pooled: 9 MB, 2.34 / 0.00 ms  (average mu = 0.995, current mu = 0.996) allocation failure; 
[25944:0x7fb00076f000]      313 ms: Scavenge 9.9 (12.3) -> 8.9 (12.8) MB, pooled: 0 MB, 1.26 / 0.00 ms  (average mu = 1.000, current mu = 1.000) allocation failure; 
[25944:0x7fb00431c000]      312 ms: Scavenge 9.9 (12.5) -> 8.9 (12.8) MB, pooled: 0 MB, 8.06 / 0.00 ms  (average mu = 1.000, current mu = 1.000) allocation failure; 
[25944:0x7fb0048b3000]      315 ms: Scavenge 9.9 (12.5) -> 8.9 (13.0) MB, pooled: 0 MB, 5.93 / 0.00 ms  (average mu = 1.000, current mu = 1.000) allocation failure; 
[25944:0x7fb00058e000]      323 ms: Scavenge 10.0 (12.8) -> 9.1 (13.3) MB, pooled: 0 MB, 1.09 / 0.00 ms  (average mu = 1.000, current mu = 1.000) allocation failure; 
[25944:0x7fb004345000]      328 ms: Scavenge 9.8 (12.8) -> 8.9 (13.3) MB, pooled: 0 MB, 86.09 / 0.00 ms  (average mu = 1.000, current mu = 1.000) task; 
[25944:0x7fb004437000]      354 ms: Scavenge 10.0 (12.8) -> 9.0 (13.3) MB, pooled: 0 MB, 5.69 / 0.00 ms  (average mu = 1.000, current mu = 1.000) task; 
[25944:0x7fb0049d5000]      344 ms: Scavenge 10.2 (12.8) -> 9.2 (13.3) MB, pooled: 0 MB, 2.36 / 0.00 ms  (average mu = 1.000, current mu = 1.000) allocation failure; 
[25944:0x7fb00431c000]      363 ms: Scavenge 10.7 (13.3) -> 9.5 (18.0) MB, pooled: 0 MB, 2.97 / 0.00 ms  (average mu = 1.000, current mu = 1.000) allocation failure; 
[25944:0x7fb0048b3000]      370 ms: Scavenge 10.6 (13.3) -> 9.6 (18.0) MB, pooled: 0 MB, 4.45 / 0.00 ms  (average mu = 1.000, current mu = 1.000) allocation failure; 
[25944:0x7fb004345000]      386 ms: Scavenge 10.8 (13.3) -> 9.5 (17.8) MB, pooled: 0 MB, 1.75 / 0.00 ms  (average mu = 1.000, current mu = 1.000) allocation failure; 
[25944:0x7fb00058e000]      391 ms: Scavenge 10.8 (13.5) -> 9.6 (18.3) MB, pooled: 0 MB, 5.27 / 0.00 ms  (average mu = 1.000, current mu = 1.000) allocation failure; 
[25944:0x7fb00076f000]      405 ms: Scavenge 10.8 (13.3) -> 9.6 (18.0) MB, pooled: 0 MB, 2.19 / 0.00 ms  (average mu = 1.000, current mu = 1.000) allocation failure; 
[25944:0x7fb0049d5000]      405 ms: Scavenge 10.7 (13.3) -> 9.5 (17.8) MB, pooled: 0 MB, 40.16 / 0.00 ms  (average mu = 1.000, current mu = 1.000) allocation failure; 
[25944:0x7fb004437000]      427 ms: Scavenge 10.8 (13.5) -> 9.6 (18.0) MB, pooled: 0 MB, 1.78 / 0.00 ms  (average mu = 1.000, current mu = 1.000) allocation failure; 
[25944:0x7fb0049d5000]      466 ms: Scavenge 13.5 (18.0) -> 10.3 (18.3) MB, pooled: 0 MB, 2.06 / 0.00 ms  (average mu = 1.000, current mu = 1.000) allocation failure; 
[25944:0x7fb00058e000]      493 ms: Scavenge 13.9 (18.6) -> 11.1 (18.9) MB, pooled: 0 MB, 1.88 / 0.00 ms  (average mu = 1.000, current mu = 1.000) allocation failure; 
[25944:0x7fb004345000]      499 ms: Scavenge 13.5 (18.0) -> 10.0 (18.0) MB, pooled: 0 MB, 1.78 / 0.00 ms  (average mu = 1.000, current mu = 1.000) allocation failure; 
[25944:0x7fb00076f000]      532 ms: Scavenge 14.4 (18.8) -> 11.2 (19.3) MB, pooled: 0 MB, 2.77 / 0.00 ms  (average mu = 1.000, current mu = 1.000) allocation failure; 
[25944:0x7fb004437000]      530 ms: Scavenge 14.1 (18.7) -> 11.2 (19.0) MB, pooled: 0 MB, 2.91 / 0.00 ms  (average mu = 1.000, current mu = 1.000) allocation failure; 
[25944:0x7fb00058e000]      556 ms: Scavenge 14.0 (18.9) -> 12.0 (19.9) MB, pooled: 0 MB, 7.01 / 0.00 ms  (average mu = 1.000, current mu = 1.000) allocation failure; 
[25944:0x7fb0049d5000]      553 ms: Scavenge 13.8 (18.3) -> 10.4 (18.5) MB, pooled: 0 MB, 10.62 / 0.00 ms  (average mu = 1.000, current mu = 1.000) allocation failure; 
[25944:0x7fb00076f000]      581 ms: Scavenge 14.5 (19.3) -> 12.3 (19.8) MB, pooled: 0 MB, 3.45 / 0.00 ms  (average mu = 1.000, current mu = 1.000) allocation failure; 
[25944:0x7fb004437000]      576 ms: Scavenge 14.3 (19.0) -> 12.1 (19.7) MB, pooled: 0 MB, 9.19 / 0.00 ms  (average mu = 1.000, current mu = 1.000) allocation failure; 
[25944:0x7fb00058e000]      579 ms: Scavenge 15.1 (19.9) -> 13.0 (20.6) MB, pooled: 0 MB, 6.28 / 0.00 ms  (average mu = 1.000, current mu = 1.000) allocation failure; 
[25944:0x7fb004437000]      610 ms: Scavenge 15.2 (19.7) -> 13.1 (28.7) MB, pooled: 0 MB, 6.23 / 0.00 ms  (average mu = 1.000, current mu = 1.000) allocation failure; 
[25944:0x7fb00058e000]      617 ms: Scavenge 16.1 (20.6) -> 14.1 (29.6) MB, pooled: 0 MB, 11.40 / 0.00 ms  (average mu = 1.000, current mu = 1.000) allocation failure; 
[25944:0x7fb00076f000]      643 ms: Scavenge 15.3 (19.8) -> 13.3 (28.8) MB, pooled: 0 MB, 4.23 / 0.00 ms  (average mu = 1.000, current mu = 1.000) allocation failure; 
[25944:0x7fb00058e000]      668 ms: Scavenge 21.0 (29.6) -> 16.5 (30.9) MB, pooled: 0 MB, 4.91 / 0.00 ms  (average mu = 1.000, current mu = 1.000) allocation failure; 
[25944:0x7fb004437000]      669 ms: Scavenge 20.2 (29.0) -> 15.7 (30.2) MB, pooled: 0 MB, 3.22 / 0.00 ms  (average mu = 1.000, current mu = 1.000) allocation failure; 
[25944:0x7fb00076f000]      693 ms: Scavenge 20.3 (29.1) -> 15.7 (30.1) MB, pooled: 0 MB, 6.57 / 0.00 ms  (average mu = 1.000, current mu = 1.000) allocation failure; 
[25944:0x7fb00058e000]      713 ms: Scavenge 22.1 (31.1) -> 18.4 (33.4) MB, pooled: 0 MB, 6.97 / 0.00 ms  (average mu = 1.000, current mu = 1.000) allocation failure; 
[25944:0x7fb004437000]      720 ms: Scavenge 21.3 (30.5) -> 17.7 (33.0) MB, pooled: 0 MB, 4.95 / 0.00 ms  (average mu = 1.000, current mu = 1.000) allocation failure; 
[25944:0x7fb00076f000]      750 ms: Scavenge 21.3 (30.1) -> 17.6 (32.8) MB, pooled: 0 MB, 21.97 / 0.00 ms  (average mu = 1.000, current mu = 1.000) allocation failure; 
[25944:0x7fb00058e000]      790 ms: Scavenge 24.5 (33.6) -> 20.6 (51.6) MB, pooled: 0 MB, 12.14 / 0.00 ms  (average mu = 1.000, current mu = 1.000) allocation failure; 
[25944:0x7fb004437000]      796 ms: Scavenge 23.6 (33.0) -> 19.7 (51.0) MB, pooled: 0 MB, 15.08 / 0.00 ms  (average mu = 1.000, current mu = 1.000) allocation failure; 
[25944:0x7fb00076f000]      810 ms: Scavenge 23.6 (33.1) -> 19.6 (50.8) MB, pooled: 0 MB, 21.58 / 0.00 ms  (average mu = 1.000, current mu = 1.000) allocation failure; 
[25944:0x7fb00076f000]      912 ms: Scavenge 33.5 (50.8) -> 24.4 (52.8) MB, pooled: 0 MB, 12.76 / 0.00 ms  (average mu = 1.000, current mu = 1.000) allocation failure; 
[25944:0x7fb004437000]      923 ms: Scavenge 33.5 (51.0) -> 24.6 (53.0) MB, pooled: 0 MB, 8.02 / 0.00 ms  (average mu = 1.000, current mu = 1.000) allocation failure; 
[25944:0x7fb00076f000]      955 ms: Mark-Compact 25.5 (52.8) -> 23.9 (57.6) MB, pooled: 0 MB, 23.20 / 0.00 ms  (+ 0.5 ms in 0 steps since start of marking, biggest step 0.0 ms, walltime since start of marking 32 ms) (average mu = 0.975, current mu = 0.975) finalize incremental marking via stack guard; GC in old space requested
[25944:0x7fb00058e000]      978 ms: Scavenge 34.5 (51.6) -> 23.8 (54.1) MB, pooled: 0 MB, 6.23 / 0.00 ms  (average mu = 1.000, current mu = 1.000) allocation failure; 
[25944:0x7fb000500000]    15368 ms: Scavenge 759.7 (805.0) -> 759.6 (805.5) MB, pooled: 9 MB, 1.38 / 0.00 ms  (average mu = 0.995, current mu = 0.996) allocation failure; 
[25944:0x7fb004437000]     1007 ms: Mark-Compact 26.3 (53.0) -> 24.6 (58.0) MB, pooled: 0 MB, 75.35 / 0.00 ms  (+ 0.3 ms in 0 steps since start of marking, biggest step 0.0 ms, walltime since start of marking 84 ms) (average mu = 0.925, current mu = 0.925) finalize incremental marking via stack guard; GC in old space requested
[25944:0x7fb000500000]    15388 ms: Scavenge 770.8 (816.7) -> 770.8 (817.0) MB, pooled: 8 MB, 1.89 / 0.00 ms  (average mu = 0.995, current mu = 0.996) allocation failure; 
[25944:0x7fb00058e000]     1015 ms: Mark-Compact 26.1 (54.1) -> 23.0 (56.6) MB, pooled: 0 MB, 9.99 / 0.00 ms  (+ 0.3 ms in 0 steps since start of marking, biggest step 0.0 ms, walltime since start of marking 37 ms) (average mu = 0.990, current mu = 0.990) finalize incremental marking via stack guard; GC in old space requested
[25944:0x7fb00431c000]     1055 ms: Scavenge 20.6 (25.4) -> 17.2 (25.4) MB, pooled: 0 MB, 1.89 / 0.00 ms  (average mu = 1.000, current mu = 1.000) allocation failure; 
[25944:0x7fb00431c000]     1083 ms: Scavenge 20.7 (25.4) -> 18.0 (33.9) MB, pooled: 0 MB, 2.55 / 0.00 ms  (average mu = 1.000, current mu = 1.000) allocation failure; 
[25944:0x7fb00431c000]     1117 ms: Scavenge 25.2 (33.9) -> 19.9 (34.6) MB, pooled: 0 MB, 5.59 / 0.00 ms  (average mu = 1.000, current mu = 1.000) allocation failure; 
[25944:0x7fb00076f000]     1137 ms: Scavenge 39.9 (57.6) -> 29.1 (57.6) MB, pooled: 0 MB, 12.00 / 0.00 ms  (average mu = 0.975, current mu = 0.975) allocation failure; 
[25944:0x7fb00431c000]     1160 ms: Scavenge 26.1 (34.9) -> 21.9 (36.9) MB, pooled: 0 MB, 6.50 / 0.00 ms  (average mu = 1.000, current mu = 1.000) allocation failure; 
[25944:0x7fb004437000]     1165 ms: Scavenge 40.4 (58.0) -> 30.0 (58.0) MB, pooled: 0 MB, 10.28 / 0.00 ms  (average mu = 0.925, current mu = 0.925) allocation failure; 
[25944:0x7fb00431c000]     1223 ms: Scavenge 28.0 (37.1) -> 23.9 (38.9) MB, pooled: 0 MB, 7.27 / 0.00 ms  (average mu = 1.000, current mu = 1.000) allocation failure; 
[25944:0x7fb00058e000]     1228 ms: Scavenge 39.3 (56.9) -> 26.2 (56.9) MB, pooled: 0 MB, 6.65 / 0.00 ms  (average mu = 0.990, current mu = 0.990) allocation failure; 
[25944:0x7fb004437000]     1278 ms: Scavenge 40.4 (58.0) -> 33.5 (63.7) MB, pooled: 0 MB, 68.14 / 0.00 ms  (average mu = 0.925, current mu = 0.925) allocation failure; 
[25944:0x7fb00431c000]     1287 ms: Scavenge 30.0 (38.9) -> 26.1 (56.9) MB, pooled: 0 MB, 29.51 / 0.00 ms  (average mu = 1.000, current mu = 1.000) allocation failure; 
[25944:0x7fb00076f000]     1317 ms: Scavenge 40.2 (57.8) -> 31.0 (62.3) MB, pooled: 0 MB, 32.92 / 0.00 ms  (average mu = 0.975, current mu = 0.975) allocation failure; 
[25944:0x7fb004437000]     1397 ms: Scavenge 46.0 (63.7) -> 37.2 (67.0) MB, pooled: 0 MB, 17.64 / 0.00 ms  (average mu = 0.925, current mu = 0.925) allocation failure; 
[25944:0x7fb00431c000]     1403 ms: Scavenge 40.0 (56.9) -> 30.5 (59.1) MB, pooled: 0 MB, 12.25 / 0.00 ms  (average mu = 1.000, current mu = 1.000) allocation failure; 
[25944:0x7fb00058e000]     1416 ms: Scavenge 39.7 (57.1) -> 28.0 (59.1) MB, pooled: 0 MB, 29.02 / 0.00 ms  (average mu = 0.990, current mu = 0.990) allocation failure; 
[25944:0x7fb00076f000]     1476 ms: Scavenge 45.5 (62.8) -> 33.4 (64.6) MB, pooled: 0 MB, 15.52 / 0.00 ms  (average mu = 0.975, current mu = 0.975) allocation failure; 
[25944:0x7fb00058e000]     1536 ms: Scavenge 42.2 (59.6) -> 29.4 (61.4) MB, pooled: 0 MB, 7.29 / 0.00 ms  (average mu = 0.990, current mu = 0.990) allocation failure; 
[25944:0x7fb004437000]     1549 ms: Scavenge 49.9 (67.5) -> 39.8 (71.0) MB, pooled: 0 MB, 15.83 / 0.00 ms  (average mu = 0.925, current mu = 0.925) allocation failure; 
[25944:0x7fb00431c000]     1559 ms: Scavenge (interleaved) 42.2 (59.1) -> 34.7 (63.6) MB, pooled: 0 MB, 86.54 / 0.00 ms  (average mu = 1.000, current mu = 1.000) allocation failure; 
[25944:0x7fb00431c000]     1605 ms: Mark-Compact 37.2 (63.6) -> 35.2 (68.9) MB, pooled: 0 MB, 14.08 / 0.00 ms  (+ 7.5 ms in 0 steps since start of marking, biggest step 0.0 ms, walltime since start of marking 203 ms) (average mu = 0.987, current mu = 0.987) finalize incremental marking via stack guard; GC in old space requested
[25944:0x7fb00058e000]     1644 ms: Scavenge 44.0 (61.4) -> 30.6 (62.9) MB, pooled: 0 MB, 13.13 / 0.00 ms  (average mu = 0.990, current mu = 0.990) allocation failure; 
[25944:0x7fb004437000]     1663 ms: Scavenge 53.9 (71.5) -> 42.4 (73.7) MB, pooled: 0 MB, 6.59 / 0.00 ms  (average mu = 0.925, current mu = 0.925) allocation failure; 
[25944:0x7fb00076f000]     1675 ms: Scavenge 47.6 (65.1) -> 36.0 (66.8) MB, pooled: 0 MB, 10.15 / 0.00 ms  (average mu = 0.975, current mu = 0.975) allocation failure; 
[25944:0x7fb00431c000]     1697 ms: Scavenge 51.0 (68.9) -> 40.7 (68.9) MB, pooled: 0 MB, 5.04 / 0.00 ms  (average mu = 0.987, current mu = 0.987) allocation failure; 
[25944:0x7fb00058e000]     1735 ms: Scavenge 45.6 (63.1) -> 31.5 (63.9) MB, pooled: 0 MB, 5.35 / 0.00 ms  (average mu = 0.990, current mu = 0.990) allocation failure; 
[25944:0x7fb00076f000]     1762 ms: Scavenge 49.6 (67.1) -> 38.1 (69.3) MB, pooled: 0 MB, 5.71 / 0.00 ms  (average mu = 0.975, current mu = 0.975) allocation failure; 
[25944:0x7fb00431c000]     1784 ms: Scavenge 51.0 (68.9) -> 44.3 (74.4) MB, pooled: 0 MB, 8.01 / 0.00 ms  (average mu = 0.987, current mu = 0.987) allocation failure; 
[25944:0x7fb004437000]     1855 ms: Scavenge 56.5 (74.2) -> 47.3 (76.2) MB, pooled: 0 MB, 6.71 / 0.00 ms  (average mu = 0.925, current mu = 0.925) allocation failure; 
[25944:0x7fb00076f000]     1866 ms: Scavenge 51.9 (69.3) -> 40.1 (72.3) MB, pooled: 0 MB, 9.27 / 0.00 ms  (average mu = 0.975, current mu = 0.975) allocation failure; 
[25944:0x7fb00431c000]     1907 ms: Scavenge 56.5 (74.4) -> 48.2 (77.9) MB, pooled: 0 MB, 9.19 / 0.00 ms  (average mu = 0.987, current mu = 0.987) allocation failure; 
[25944:0x7fb00058e000]     1995 ms: Scavenge 47.1 (64.3) -> 34.5 (65.2) MB, pooled: 0 MB, 31.63 / 0.00 ms  (average mu = 0.990, current mu = 0.990) allocation failure; 
[25944:0x7fb00076f000]     2020 ms: Scavenge 54.4 (72.6) -> 41.3 (73.8) MB, pooled: 0 MB, 5.59 / 0.00 ms  (average mu = 0.975, current mu = 0.975) allocation failure; 
[25944:0x7fb004437000]     2012 ms: Scavenge 58.8 (76.2) -> 47.7 (79.2) MB, pooled: 0 MB, 16.20 / 0.00 ms  (average mu = 0.925, current mu = 0.925) allocation failure; 
[25944:0x7fb00431c000]     2038 ms: Scavenge 60.2 (78.1) -> 52.3 (81.6) MB, pooled: 0 MB, 17.56 / 0.00 ms  (average mu = 0.987, current mu = 0.987) allocation failure; 
[25944:0x7fb00058e000]     2075 ms: Scavenge 48.4 (66.1) -> 35.8 (68.8) MB, pooled: 0 MB, 7.43 / 0.00 ms  (average mu = 0.990, current mu = 0.990) allocation failure; 
[25944:0x7fb00076f000]     2106 ms: Scavenge 56.0 (73.8) -> 42.4 (74.8) MB, pooled: 0 MB, 8.51 / 0.00 ms  (average mu = 0.975, current mu = 0.975) allocation failure; 
[25944:0x7fb00431c000]     2132 ms: Scavenge 64.3 (81.9) -> 56.4 (86.4) MB, pooled: 0 MB, 8.55 / 0.00 ms  (average mu = 0.987, current mu = 0.987) allocation failure; 
[25944:0x7fb004437000]     2155 ms: Scavenge 62.0 (79.7) -> 50.4 (82.0) MB, pooled: 0 MB, 5.88 / 0.00 ms  (average mu = 0.925, current mu = 0.925) allocation failure; 
[25944:0x7fb00058e000]     2159 ms: Scavenge 52.0 (70.1) -> 37.8 (70.3) MB, pooled: 0 MB, 14.35 / 0.00 ms  (average mu = 0.990, current mu = 0.990) allocation failure; 
[25944:0x7fb00076f000]     2169 ms: Scavenge 57.1 (75.1) -> 43.5 (75.8) MB, pooled: 0 MB, 5.59 / 0.00 ms  (average mu = 0.975, current mu = 0.975) allocation failure; 
[25944:0x7fb00431c000]     2212 ms: Scavenge 68.3 (86.4) -> 60.5 (89.9) MB, pooled: 0 MB, 13.76 / 0.00 ms  (average mu = 0.987, current mu = 0.987) allocation failure; 
[25944:0x7fb004437000]     2215 ms: Scavenge 64.5 (82.2) -> 53.1 (84.7) MB, pooled: 0 MB, 4.94 / 0.00 ms  (average mu = 0.925, current mu = 0.925) allocation failure; 
[25944:0x7fb00076f000]     2260 ms: Scavenge 58.7 (76.4) -> 44.5 (77.1) MB, pooled: 0 MB, 5.73 / 0.00 ms  (average mu = 0.975, current mu = 0.975) allocation failure; 
[25944:0x7fb00431c000]     2269 ms: Scavenge 72.3 (89.9) -> 64.6 (94.1) MB, pooled: 0 MB, 7.91 / 0.00 ms  (average mu = 0.987, current mu = 0.987) allocation failure; 
[25944:0x7fb004437000]     2267 ms: Scavenge 67.0 (85.0) -> 54.9 (87.2) MB, pooled: 0 MB, 6.35 / 0.00 ms  (average mu = 0.925, current mu = 0.925) allocation failure; 
[25944:0x7fb00431c000]     2309 ms: Scavenge 76.3 (94.1) -> 68.7 (98.6) MB, pooled: 0 MB, 7.01 / 0.00 ms  (average mu = 0.987, current mu = 0.987) allocation failure; 
[25944:0x7fb004437000]     2352 ms: Scavenge 69.2 (87.2) -> 56.1 (89.0) MB, pooled: 0 MB, 3.57 / 0.00 ms  (average mu = 0.925, current mu = 0.925) allocation failure; 
[25944:0x7fb00431c000]     2365 ms: Scavenge 80.5 (98.6) -> 72.4 (102.6) MB, pooled: 0 MB, 9.42 / 0.00 ms  (average mu = 0.987, current mu = 0.987) allocation failure; 
[25944:0x7fb004437000]     2409 ms: Scavenge 70.9 (89.0) -> 57.3 (90.0) MB, pooled: 0 MB, 7.78 / 0.00 ms  (average mu = 0.925, current mu = 0.925) allocation failure; 
[25944:0x7fb00431c000]     2413 ms: Scavenge 84.5 (102.6) -> 76.2 (106.6) MB, pooled: 0 MB, 5.54 / 0.00 ms  (average mu = 0.987, current mu = 0.987) allocation failure; 
[25944:0x7fb00431c000]     2468 ms: Scavenge 88.4 (106.6) -> 80.2 (110.1) MB, pooled: 0 MB, 6.62 / 0.00 ms  (average mu = 0.987, current mu = 0.987) allocation failure; 
[25944:0x7fb004437000]     2468 ms: Scavenge 71.9 (90.0) -> 58.4 (91.0) MB, pooled: 0 MB, 8.52 / 0.00 ms  (average mu = 0.925, current mu = 0.925) allocation failure; 
[25944:0x7fb00431c000]     2525 ms: Scavenge 92.2 (110.1) -> 84.4 (114.4) MB, pooled: 0 MB, 8.41 / 0.00 ms  (average mu = 0.987, current mu = 0.987) allocation failure; 
[25944:0x7fb004437000]     2527 ms: Scavenge 73.0 (91.0) -> 59.5 (92.0) MB, pooled: 0 MB, 7.72 / 0.00 ms  (average mu = 0.925, current mu = 0.925) allocation failure; 
[25944:0x7fb00431c000]     2572 ms: Scavenge 96.2 (114.4) -> 88.5 (118.6) MB, pooled: 0 MB, 7.29 / 0.00 ms  (average mu = 0.987, current mu = 0.987) allocation failure; 
[25944:0x7fb00076f000]     2580 ms: Scavenge 59.6 (77.1) -> 47.8 (78.3) MB, pooled: 0 MB, 6.53 / 0.00 ms  (average mu = 0.975, current mu = 0.975) allocation failure; 
[25944:0x7fb004437000]     2575 ms: Scavenge 74.2 (92.0) -> 60.7 (93.0) MB, pooled: 0 MB, 5.82 / 0.00 ms  (average mu = 0.925, current mu = 0.925) allocation failure; 
[25944:0x7fb00076f000]     2625 ms: Scavenge 61.7 (79.4) -> 48.8 (81.9) MB, pooled: 0 MB, 8.24 / 0.00 ms  (average mu = 0.975, current mu = 0.975) allocation failure; 
[25944:0x7fb00431c000]     2620 ms: Scavenge 100.2 (118.6) -> 92.6 (122.6) MB, pooled: 0 MB, 9.16 / 0.00 ms  (average mu = 0.987, current mu = 0.987) allocation failure; 
[25944:0x7fb004437000]     2650 ms: Scavenge 75.9 (93.7) -> 61.2 (94.2) MB, pooled: 0 MB, 3.40 / 0.00 ms  (average mu = 0.925, current mu = 0.925) allocation failure; 
[25944:0x7fb00076f000]     2669 ms: Scavenge 65.1 (83.2) -> 50.8 (84.2) MB, pooled: 0 MB, 7.57 / 0.00 ms  (average mu = 0.975, current mu = 0.975) allocation failure; 
[25944:0x7fb00431c000]     2665 ms: Scavenge 104.3 (122.6) -> 96.3 (127.1) MB, pooled: 0 MB, 7.83 / 0.00 ms  (average mu = 0.987, current mu = 0.987) allocation failure; 
[25944:0x7fb00076f000]     2711 ms: Scavenge 65.7 (84.2) -> 51.6 (84.2) MB, pooled: 0 MB, 6.94 / 0.00 ms  (average mu = 0.975, current mu = 0.975) allocation failure; 
[25944:0x7fb00431c000]     2717 ms: Scavenge 108.5 (127.1) -> 100.6 (130.9) MB, pooled: 0 MB, 6.91 / 0.00 ms  (average mu = 0.987, current mu = 0.987) allocation failure; 
[25944:0x7fb00076f000]     2768 ms: Scavenge 69.1 (86.7) -> 54.9 (87.7) MB, pooled: 0 MB, 5.84 / 0.00 ms  (average mu = 0.975, current mu = 0.975) allocation failure; 
[25944:0x7fb00431c000]     2770 ms: Scavenge 112.2 (130.9) -> 104.6 (135.4) MB, pooled: 0 MB, 4.88 / 0.00 ms  (average mu = 0.987, current mu = 0.987) allocation failure; 
[25944:0x7fb00431c000]     2809 ms: Scavenge 116.4 (135.4) -> 108.8 (139.1) MB, pooled: 0 MB, 5.78 / 0.00 ms  (average mu = 0.987, current mu = 0.987) allocation failure; 
[25944:0x7fb00431c000]     2845 ms: Scavenge 120.4 (139.1) -> 112.4 (142.9) MB, pooled: 0 MB, 5.54 / 0.00 ms  (average mu = 0.987, current mu = 0.987) allocation failure; 
[25944:0x7fb00431c000]     2881 ms: Scavenge 124.5 (142.9) -> 115.7 (146.9) MB, pooled: 0 MB, 4.63 / 0.00 ms  (average mu = 0.987, current mu = 0.987) allocation failure; 
[25944:0x7fb00431c000]     2967 ms: Scavenge 128.3 (147.4) -> 117.7 (150.6) MB, pooled: 0 MB, 4.30 / 0.00 ms  (average mu = 0.987, current mu = 0.987) allocation failure; 
[25944:0x7fb004437000]     3007 ms: Scavenge 77.3 (95.2) -> 65.2 (95.3) MB, pooled: 0 MB, 5.63 / 0.00 ms  (average mu = 0.925, current mu = 0.925) allocation failure; 
[25944:0x7fb00431c000]     3025 ms: Scavenge 132.1 (150.9) -> 120.2 (153.1) MB, pooled: 0 MB, 4.20 / 0.00 ms  (average mu = 0.987, current mu = 0.987) allocation failure; 
[25944:0x7fb004437000]     3046 ms: Scavenge 78.0 (95.9) -> 66.2 (99.7) MB, pooled: 0 MB, 7.87 / 0.00 ms  (average mu = 0.925, current mu = 0.925) allocation failure; 
[25944:0x7fb00431c000]     3076 ms: Scavenge 134.6 (153.4) -> 122.8 (155.9) MB, pooled: 0 MB, 9.71 / 0.00 ms  (average mu = 0.987, current mu = 0.987) allocation failure; 
[25944:0x7fb004437000]     3099 ms: Scavenge 82.8 (100.9) -> 68.3 (101.7) MB, pooled: 0 MB, 3.58 / 0.00 ms  (average mu = 0.925, current mu = 0.925) allocation failure; 
[25944:0x7fb00431c000]     3121 ms: Scavenge 137.3 (156.1) -> 125.4 (158.4) MB, pooled: 0 MB, 2.96 / 0.00 ms  (average mu = 0.987, current mu = 0.987) allocation failure; 
[25944:0x7fb004437000]     3139 ms: Scavenge 85.7 (104.2) -> 71.5 (104.7) MB, pooled: 0 MB, 3.50 / 0.00 ms  (average mu = 0.925, current mu = 0.925) allocation failure; 
[25944:0x7fb00431c000]     3158 ms: Scavenge 139.8 (158.6) -> 128.0 (161.1) MB, pooled: 0 MB, 2.53 / 0.00 ms  (average mu = 0.987, current mu = 0.987) allocation failure; 
[25944:0x7fb004437000]     3172 ms: Scavenge 86.6 (104.7) -> 72.3 (105.4) MB, pooled: 0 MB, 4.46 / 0.00 ms  (average mu = 0.925, current mu = 0.925) allocation failure; 
[25944:0x7fb00431c000]     3191 ms: Scavenge 142.3 (161.1) -> 129.7 (163.4) MB, pooled: 0 MB, 3.42 / 0.00 ms  (average mu = 0.987, current mu = 0.987) allocation failure; 
[25944:0x7fb004437000]     3206 ms: Scavenge 87.3 (105.4) -> 73.0 (105.9) MB, pooled: 0 MB, 4.41 / 0.00 ms  (average mu = 0.925, current mu = 0.925) allocation failure; 
[25944:0x7fb00431c000]     3242 ms: Scavenge 144.2 (163.4) -> 131.3 (164.6) MB, pooled: 0 MB, 2.98 / 0.00 ms  (average mu = 0.987, current mu = 0.987) allocation failure; 
[25944:0x7fb00431c000]     3286 ms: Scavenge 145.6 (164.6) -> 132.8 (166.4) MB, pooled: 0 MB, 2.43 / 0.00 ms  (average mu = 0.987, current mu = 0.987) allocation failure; 
[25944:0x7fb00431c000]     3328 ms: Scavenge 147.1 (166.4) -> 134.4 (167.9) MB, pooled: 0 MB, 2.06 / 0.00 ms  (average mu = 0.987, current mu = 0.987) allocation failure; 
[25944:0x7fb00431c000]     3377 ms: Scavenge 148.6 (168.1) -> 136.9 (169.9) MB, pooled: 0 MB, 2.47 / 0.00 ms  (average mu = 0.987, current mu = 0.987) allocation failure; 
[25944:0x7fb00431c000]     3491 ms: Scavenge 150.7 (169.9) -> 147.1 (172.1) MB, pooled: 0 MB, 6.20 / 0.00 ms  (average mu = 0.987, current mu = 0.987) allocation failure; 
[25944:0x7fb00431c000]     3523 ms: Scavenge 152.5 (172.1) -> 147.7 (182.1) MB, pooled: 0 MB, 8.59 / 0.00 ms  (average mu = 0.987, current mu = 0.987) allocation failure; 
[25944:0x7fb00431c000]     3596 ms: Scavenge 162.7 (182.4) -> 150.6 (183.4) MB, pooled: 0 MB, 2.94 / 0.00 ms  (average mu = 0.987, current mu = 0.987) allocation failure; 
[25944:0x7fb00431c000]     3656 ms: Scavenge 163.7 (183.4) -> 153.3 (186.1) MB, pooled: 0 MB, 4.27 / 0.00 ms  (average mu = 0.987, current mu = 0.987) allocation failure; 
[25944:0x7fb00431c000]     3716 ms: Scavenge 166.5 (186.1) -> 156.2 (188.9) MB, pooled: 0 MB, 3.77 / 0.00 ms  (average mu = 0.987, current mu = 0.987) allocation failure; 
[25944:0x7fb00431c000]     3790 ms: Scavenge 169.5 (188.9) -> 158.5 (191.4) MB, pooled: 0 MB, 6.18 / 0.00 ms  (average mu = 0.987, current mu = 0.987) allocation failure; 
[25944:0x7fb00431c000]     3842 ms: Scavenge (interleaved) 172.8 (191.9) -> 160.7 (194.4) MB, pooled: 0 MB, 5.31 / 0.00 ms  (average mu = 0.987, current mu = 0.987) allocation failure; 
[25944:0x7fb00431c000]     3890 ms: Scavenge (interleaved) 175.6 (194.9) -> 163.2 (196.6) MB, pooled: 0 MB, 3.90 / 0.00 ms  (average mu = 0.987, current mu = 0.987) allocation failure; 
[25944:0x7fb00431c000]     3908 ms: Mark-Compact 166.6 (196.6) -> 136.4 (197.9) MB, pooled: 0 MB, 5.81 / 0.00 ms  (+ 3.6 ms in 0 steps since start of marking, biggest step 0.0 ms, walltime since start of marking 87 ms) (average mu = 0.992, current mu = 0.996) finalize incremental marking via stack guard; GC in old space requested
[25944:0x7fb00431c000]     3946 ms: Scavenge 153.0 (197.9) -> 139.3 (197.9) MB, pooled: 0 MB, 1.79 / 0.00 ms  (average mu = 0.992, current mu = 0.996) allocation failure; 
[25944:0x7fb00431c000]     3982 ms: Scavenge 153.7 (197.9) -> 141.8 (197.9) MB, pooled: 0 MB, 3.58 / 0.00 ms  (average mu = 0.992, current mu = 0.996) allocation failure; 
[25944:0x7fb00431c000]     4015 ms: Scavenge 156.1 (197.9) -> 143.2 (197.9) MB, pooled: 0 MB, 2.61 / 0.00 ms  (average mu = 0.992, current mu = 0.996) allocation failure; 
[25944:0x7fb00431c000]     4054 ms: Scavenge 157.8 (197.9) -> 144.6 (197.9) MB, pooled: 0 MB, 1.63 / 0.00 ms  (average mu = 0.992, current mu = 0.996) allocation failure; 
[25944:0x7fb00431c000]     4106 ms: Scavenge 159.0 (197.9) -> 146.1 (197.9) MB, pooled: 0 MB, 1.79 / 0.00 ms  (average mu = 0.992, current mu = 0.996) allocation failure; 
[25944:0x7fb00431c000]     4150 ms: Scavenge 160.4 (197.9) -> 147.6 (197.9) MB, pooled: 0 MB, 1.75 / 0.00 ms  (average mu = 0.992, current mu = 0.996) allocation failure; 
[25944:0x7fb00431c000]     4205 ms: Scavenge 161.9 (197.9) -> 148.2 (197.9) MB, pooled: 0 MB, 1.48 / 0.00 ms  (average mu = 0.992, current mu = 0.996) allocation failure; 
[25944:0x7fb00431c000]     4262 ms: Scavenge 163.5 (197.9) -> 149.0 (197.9) MB, pooled: 0 MB, 2.83 / 0.00 ms  (average mu = 0.992, current mu = 0.996) allocation failure; 
[25944:0x7fb00431c000]     4304 ms: Scavenge 164.2 (197.9) -> 150.3 (197.9) MB, pooled: 0 MB, 5.20 / 0.00 ms  (average mu = 0.992, current mu = 0.996) allocation failure; 
[25944:0x7fb00431c000]     4351 ms: Scavenge 165.0 (197.9) -> 151.5 (197.9) MB, pooled: 0 MB, 6.45 / 0.00 ms  (average mu = 0.992, current mu = 0.996) allocation failure; 
[25944:0x7fb00431c000]     4393 ms: Scavenge 166.1 (197.9) -> 152.6 (197.9) MB, pooled: 0 MB, 8.02 / 0.00 ms  (average mu = 0.992, current mu = 0.996) allocation failure; 
[25944:0x7fb00431c000]     4436 ms: Scavenge 167.2 (197.9) -> 153.7 (197.9) MB, pooled: 0 MB, 8.16 / 0.00 ms  (average mu = 0.992, current mu = 0.996) allocation failure; 
[25944:0x7fb00431c000]     4475 ms: Scavenge 168.3 (197.9) -> 154.9 (197.9) MB, pooled: 0 MB, 6.52 / 0.00 ms  (average mu = 0.992, current mu = 0.996) allocation failure; 
[25944:0x7fb00431c000]     4516 ms: Scavenge 169.4 (197.9) -> 156.0 (197.9) MB, pooled: 0 MB, 7.59 / 0.00 ms  (average mu = 0.992, current mu = 0.996) allocation failure; 
[25944:0x7fb00431c000]     4551 ms: Scavenge 170.6 (197.9) -> 157.1 (197.9) MB, pooled: 0 MB, 5.81 / 0.00 ms  (average mu = 0.992, current mu = 0.996) allocation failure; 
[25944:0x7fb00431c000]     4586 ms: Scavenge 171.7 (197.9) -> 158.3 (197.9) MB, pooled: 0 MB, 6.31 / 0.00 ms  (average mu = 0.992, current mu = 0.996) allocation failure; 
[25944:0x7fb00431c000]     4618 ms: Scavenge 172.9 (197.9) -> 159.3 (197.9) MB, pooled: 0 MB, 4.85 / 0.00 ms  (average mu = 0.992, current mu = 0.996) allocation failure; 
[25944:0x7fb00431c000]     4653 ms: Scavenge 174.0 (197.9) -> 160.6 (197.9) MB, pooled: 0 MB, 5.70 / 0.00 ms  (average mu = 0.992, current mu = 0.996) allocation failure; 
[25944:0x7fb00431c000]     4691 ms: Scavenge 175.1 (197.9) -> 161.8 (197.9) MB, pooled: 0 MB, 6.36 / 0.00 ms  (average mu = 0.992, current mu = 0.996) allocation failure; 
[25944:0x7fb00431c000]     4726 ms: Scavenge 176.3 (197.9) -> 162.8 (197.9) MB, pooled: 0 MB, 5.37 / 0.00 ms  (average mu = 0.992, current mu = 0.996) allocation failure; 
[25944:0x7fb00431c000]     4770 ms: Scavenge 177.5 (197.9) -> 164.0 (198.9) MB, pooled: 0 MB, 10.13 / 0.00 ms  (average mu = 0.992, current mu = 0.996) allocation failure; 
[25944:0x7fb00431c000]     4808 ms: Scavenge 178.6 (198.9) -> 165.0 (200.1) MB, pooled: 0 MB, 4.97 / 0.00 ms  (average mu = 0.992, current mu = 0.996) allocation failure; 
[25944:0x7fb00431c000]     4845 ms: Scavenge 179.7 (200.1) -> 166.1 (200.9) MB, pooled: 0 MB, 6.11 / 0.00 ms  (average mu = 0.992, current mu = 0.996) allocation failure; 
[25944:0x7fb00431c000]     4879 ms: Scavenge 180.7 (200.9) -> 167.3 (202.4) MB, pooled: 0 MB, 6.44 / 0.00 ms  (average mu = 0.992, current mu = 0.996) allocation failure; 
[25944:0x7fb00431c000]     4914 ms: Scavenge 181.8 (202.4) -> 168.4 (203.6) MB, pooled: 0 MB, 7.12 / 0.00 ms  (average mu = 0.992, current mu = 0.996) allocation failure; 
[25944:0x7fb00431c000]     5098 ms: Scavenge 187.4 (207.9) -> 173.3 (208.7) MB, pooled: 0 MB, 8.22 / 0.00 ms  (average mu = 0.992, current mu = 0.996) allocation failure; 
[25944:0x7fb00431c000]     5143 ms: Scavenge 188.5 (208.9) -> 173.6 (209.4) MB, pooled: 0 MB, 1.76 / 0.00 ms  (average mu = 0.992, current mu = 0.996) allocation failure; 
[25944:0x7fb00431c000]     5178 ms: Scavenge 189.3 (209.6) -> 173.8 (210.4) MB, pooled: 0 MB, 0.75 / 0.00 ms  (average mu = 0.992, current mu = 0.996) allocation failure; 
[25944:0x7fb00431c000]     5216 ms: Scavenge 189.7 (210.6) -> 174.2 (210.6) MB, pooled: 0 MB, 0.81 / 0.00 ms  (average mu = 0.992, current mu = 0.996) allocation failure; 
[25944:0x7fb00431c000]     5723 ms: Scavenge 190.1 (210.6) -> 183.3 (210.9) MB, pooled: 0 MB, 5.10 / 0.00 ms  (average mu = 0.992, current mu = 0.996) allocation failure; 
[25944:0x7fb00431c000]     5835 ms: Scavenge 190.4 (211.0) -> 185.3 (219.5) MB, pooled: 0 MB, 14.08 / 0.00 ms  (average mu = 0.992, current mu = 0.996) allocation failure; 
[25944:0x7fb00431c000]     5867 ms: Scavenge 200.1 (220.5) -> 187.2 (223.0) MB, pooled: 0 MB, 4.61 / 0.00 ms  (average mu = 0.992, current mu = 0.996) allocation failure; 
[25944:0x7fb00431c000]     5909 ms: Scavenge 203.3 (224.2) -> 189.0 (225.0) MB, pooled: 0 MB, 3.92 / 0.00 ms  (average mu = 0.992, current mu = 0.996) allocation failure; 
[25944:0x7fb00431c000]     5945 ms: Scavenge 204.1 (225.0) -> 189.7 (225.5) MB, pooled: 0 MB, 4.54 / 0.00 ms  (average mu = 0.992, current mu = 0.996) allocation failure; 
[25944:0x7fb00431c000]     5986 ms: Scavenge 207.2 (228.0) -> 193.0 (228.8) MB, pooled: 0 MB, 5.71 / 0.00 ms  (average mu = 0.992, current mu = 0.996) allocation failure; 
[25944:0x7fb00431c000]     6021 ms: Scavenge 207.9 (228.8) -> 193.8 (229.5) MB, pooled: 0 MB, 4.58 / 0.00 ms  (average mu = 0.992, current mu = 0.996) allocation failure; 
[25944:0x7fb00431c000]     6052 ms: Scavenge 208.7 (229.5) -> 194.6 (230.3) MB, pooled: 0 MB, 5.10 / 0.00 ms  (average mu = 0.992, current mu = 0.996) allocation failure; 
[25944:0x7fb00431c000]     6094 ms: Scavenge 214.4 (235.3) -> 200.4 (236.0) MB, pooled: 0 MB, 4.57 / 0.00 ms  (average mu = 0.992, current mu = 0.996) allocation failure; 
[25944:0x7fb00431c000]     6124 ms: Scavenge 215.2 (236.0) -> 201.1 (236.8) MB, pooled: 0 MB, 4.99 / 0.00 ms  (average mu = 0.992, current mu = 0.996) allocation failure; 
[25944:0x7fb00431c000]     6157 ms: Scavenge 216.0 (236.8) -> 202.0 (237.8) MB, pooled: 0 MB, 5.22 / 0.00 ms  (average mu = 0.992, current mu = 0.996) allocation failure; 
[25944:0x7fb00431c000]     6191 ms: Scavenge 216.9 (237.8) -> 202.6 (238.5) MB, pooled: 0 MB, 4.17 / 0.00 ms  (average mu = 0.992, current mu = 0.996) allocation failure; 
[25944:0x7fb00431c000]     6224 ms: Scavenge 217.7 (238.5) -> 203.3 (239.0) MB, pooled: 0 MB, 4.41 / 0.00 ms  (average mu = 0.992, current mu = 0.996) allocation failure; 
[25944:0x7fb00431c000]     6255 ms: Scavenge 218.2 (239.0) -> 204.1 (239.8) MB, pooled: 0 MB, 5.58 / 0.00 ms  (average mu = 0.992, current mu = 0.996) allocation failure; 
[25944:0x7fb00431c000]     6307 ms: Scavenge 229.0 (249.8) -> 214.8 (250.0) MB, pooled: 0 MB, 4.74 / 0.00 ms  (average mu = 0.992, current mu = 0.996) allocation failure; 
[25944:0x7fb00431c000]     6337 ms: Scavenge 229.8 (250.0) -> 215.7 (251.0) MB, pooled: 0 MB, 4.99 / 0.00 ms  (average mu = 0.992, current mu = 0.996) allocation failure; 
[25944:0x7fb00431c000]     6397 ms: Scavenge 230.6 (251.5) -> 216.6 (252.8) MB, pooled: 0 MB, 12.16 / 0.00 ms  (average mu = 0.992, current mu = 0.996) allocation failure; 
[25944:0x7fb00431c000]     6433 ms: Scavenge 231.5 (252.8) -> 217.4 (253.3) MB, pooled: 0 MB, 4.10 / 0.00 ms  (average mu = 0.992, current mu = 0.996) allocation failure; 
[25944:0x7fb00431c000]     6463 ms: Scavenge 232.3 (253.3) -> 218.2 (254.0) MB, pooled: 0 MB, 5.05 / 0.00 ms  (average mu = 0.992, current mu = 0.996) allocation failure; 
[25944:0x7fb00431c000]     6498 ms: Scavenge 233.1 (254.0) -> 218.5 (254.8) MB, pooled: 0 MB, 3.29 / 0.00 ms  (average mu = 0.992, current mu = 0.996) allocation failure; 
[25944:0x7fb00431c000]     6534 ms: Scavenge 233.9 (254.8) -> 219.3 (255.0) MB, pooled: 0 MB, 7.64 / 0.00 ms  (average mu = 0.992, current mu = 0.996) allocation failure; 
[25944:0x7fb00431c000]     6568 ms: Scavenge 234.3 (255.0) -> 220.1 (255.8) MB, pooled: 0 MB, 4.86 / 0.00 ms  (average mu = 0.992, current mu = 0.996) allocation failure; 
[25944:0x7fb00431c000]     6604 ms: Scavenge 235.0 (255.8) -> 220.9 (256.8) MB, pooled: 0 MB, 5.27 / 0.00 ms  (average mu = 0.992, current mu = 0.996) allocation failure; 
[25944:0x7fb00431c000]     6640 ms: Scavenge 235.8 (256.8) -> 221.6 (257.8) MB, pooled: 0 MB, 5.04 / 0.00 ms  (average mu = 0.992, current mu = 0.996) allocation failure; 
[25944:0x7fb00431c000]     6690 ms: Scavenge 236.6 (257.8) -> 222.4 (258.3) MB, pooled: 0 MB, 10.68 / 0.00 ms  (average mu = 0.992, current mu = 0.996) allocation failure; 
[25944:0x7fb00431c000]     6726 ms: Scavenge 237.3 (258.3) -> 223.2 (259.0) MB, pooled: 0 MB, 4.41 / 0.00 ms  (average mu = 0.992, current mu = 0.996) allocation failure; 
[25944:0x7fb000500000]    21153 ms: Scavenge 787.7 (832.0) -> 785.1 (831.3) MB, pooled: 8 MB, 1.82 / 0.00 ms  (average mu = 0.995, current mu = 0.996) allocation failure; 
[25944:0x7fb000500000]    21224 ms: Scavenge 801.1 (847.0) -> 797.5 (843.6) MB, pooled: 8 MB, 3.56 / 0.00 ms  (average mu = 0.995, current mu = 0.996) allocation failure; 
[25944:0x7fb000500000]    22368 ms: Mark-Compact 800.0 (845.8) -> 679.0 (786.1) MB, pooled: 8 MB, 16.78 / 0.06 ms  (+ 422.6 ms in 0 steps since start of marking, biggest step 0.0 ms, walltime since start of marking 480 ms) (average mu = 0.973, current mu = 0.968) finalize incremental marking via task; GC in old space requested
[25944:0x7fb0048b3000]     8197 ms: Mark-Compact (reduce) 12.6 (18.3) -> 8.6 (10.8) MB, pooled: 0 MB, 3.74 / 0.00 ms  (+ 2.8 ms in 0 steps since start of marking, biggest step 0.0 ms, walltime since start of marking 8 ms) (average mu = 0.999, current mu = 0.999) finalize incremental marking via task; GC in old space requested
[25944:0x7fb0048b3000]     8807 ms: Mark-Compact (reduce) 8.6 (10.8) -> 8.6 (10.3) MB, pooled: 0 MB, 4.35 / 0.00 ms  (+ 3.6 ms in 0 steps since start of marking, biggest step 0.0 ms, walltime since start of marking 9 ms) (average mu = 0.998, current mu = 0.987) finalize incremental marking via task; GC in old space requested
[25944:0x7fb000500000]    25872 ms: Scavenge 695.1 (786.3) -> 681.5 (786.3) MB, pooled: 8 MB, 2.85 / 0.32 ms  (average mu = 0.973, current mu = 0.968) allocation failure; 
[25944:0x7fb000500000]    26574 ms: Scavenge 694.9 (787.4) -> 683.4 (787.4) MB, pooled: 8 MB, 4.82 / 0.21 ms  (average mu = 0.973, current mu = 0.968) task; 
[25944:0x7fb000500000]    27973 ms: Scavenge 698.4 (787.6) -> 685.6 (787.4) MB, pooled: 8 MB, 5.29 / 0.07 ms  (average mu = 0.973, current mu = 0.968) allocation failure; 
[25944:0x7fb000500000]    28048 ms: Scavenge 704.6 (792.4) -> 696.6 (792.4) MB, pooled: 8 MB, 6.43 / 0.00 ms  (average mu = 0.973, current mu = 0.968) allocation failure; 
[25944:0x7fb000500000]    28132 ms: Scavenge 711.9 (800.6) -> 701.4 (793.7) MB, pooled: 8 MB, 11.46 / 0.00 ms  (average mu = 0.973, current mu = 0.968) task; 
dist/index.html                                                   0.69 kB
dist/static/img/logo-DlpNHw_F.svg                                10.55 kB
dist/static/img/bg-DpuWkwdm.jpg                                  55.05 kB
dist/static/img/user_bg-CAKyyyEG.jpg                             55.41 kB
dist/static/fonts/AlibabaPuHuiTi-2-55-Regular--pDYAkJN.woff2    479.85 kB
dist/static/fonts/AlibabaPuHuiTi-3-65-Medium-Bvhgq73E.woff2     483.41 kB
dist/static/fonts/AlibabaPuHuiTi-3-85-Bold-QnoexkIv.woff2       487.34 kB
dist/static/css/style-B9_ilcGr.css                              169.86 kB
dist/static/js/ServiceView-CMahXhBf.js                            0.24 kB
dist/static/js/AboutView-CWAKU9ko.js                              0.31 kB
dist/static/js/Footer-BGsKqOWq.js                                 1.79 kB
dist/static/js/MarketView-CE_Ff_sd.js                             1.83 kB
dist/static/js/ApprovalView-lbNlhIQp.js                           2.40 kB
dist/static/js/ApplyDetail-BUoMVonY.js                            2.49 kB
dist/static/js/application-tNXfvIKM.js                            2.74 kB
dist/static/js/HomeView-BR4Z7EhY.js                               3.39 kB
dist/static/js/ApplyView-CjXG1jxO.js                              3.49 kB
dist/static/js/SolutionView-MSiB7fs1.js                           4.24 kB
dist/static/js/ApplyEdit-BpmVNwqu.js                              6.89 kB
dist/static/js/element-plus-CKJUGzJe.js                         161.54 kB
dist/static/js/index-DoZjgfiG.js                                267.23 kB
dist/static/js/vendor-CXEY1Q3y.js                               343.75 kB
dist/static/js/@yeying-community-Bu8kkQ3_.js                  1,783.10 kB
 built in 27.08s

 [vite-plugin-compression]:algorithm=gzip - compressed file successfully: 
dist//Users/wh/Desktop/ms/yeying-portal/static/js/element-plus-CKJUGzJe.js.gz        157.75kb / gzip: 47.85kb
dist//Users/wh/Desktop/ms/yeying-portal/static/css/style-B9_ilcGr.css.gz             165.88kb / gzip: 24.48kb
dist//Users/wh/Desktop/ms/yeying-portal/static/js/index-DoZjgfiG.js.gz               261.01kb / gzip: 84.72kb
dist//Users/wh/Desktop/ms/yeying-portal/static/js/vendor-CXEY1Q3y.js.gz              335.69kb / gzip: 107.28kb
dist//Users/wh/Desktop/ms/yeying-portal/static/js/@yeying-community-Bu8kkQ3_.js.gz   1818.87kb / gzip: 595.37kb


